
> gestion-de-turnos-app@1.0.0 pretest
> node scripts/crearSuperadmin.mjs

[dotenv@17.2.2] injecting env (3) from .env -- tip: ÔÜÖ´©Å  write to custom object with { processEnv: myObject }

> gestion-de-turnos-app@1.0.0 test
> npm run limpiar && cross-env NODE_ENV=test vitest run 2>&1 | node scripts/test-reporter.mjs seed-data-filtering.test.mjs


> gestion-de-turnos-app@1.0.0 limpiar
> node scripts/limpiarDB.mjs

[dotenv@17.2.2] injecting env (3) from .env -- tip: ÔÜÖ´©Å  specify custom .env file path with { path: '/custom/path/.env' }

[1m[46m RUN [49m[22m [36mv3.2.4 [39m[90mC:/Users/Asus/Desktop/Gestion de turnos APP[39m

[90mstdout[2m | tests/error-handling.test.mjs
[22m[39m[dotenv@17.2.2] injecting env (3) from .env -- tip: ÔÜÖ´©Å  specify custom .env file path with { path: '/custom/path/.env' }

[90mstdout[2m | tests/error-handling.test.mjs
[22m[39m[dotenv@17.2.2] injecting env (0) from .env -- tip: ÔÜÖ´©Å  override existing env vars with { override: true }

[90mstdout[2m | tests/error-handling.test.mjs[2m > [22m[2mError Handling - Inversi├│n de Control
[22m[39m[dotenv@17.2.2] injecting env (0) from .env -- tip: ÔÜÖ´©Å  load multiple .env files with { path: ['.env.local', '.env'] }

[90mstdout[2m | tests/error-handling.test.mjs[2m > [22m[2mError Handling - Inversi├│n de Control
[22m[39mConectado a MongoDB

[90mstderr[2m | tests/error-handling.test.mjs[2m > [22m[2mError Handling - Inversi├│n de Control[2m > [22m[2mMiddlewares de Autenticaci├│n (401)[2m > [22m[2mGET /slots sin token devuelve 401 con formato unificado
[22m[39m[Seed] Usuarios base ya existentes, se omite insercion duplicada.

[0mPOST /auth/login [32m200[0m 275.137 ms - 486[0m
[0mPOST /auth/register [32m201[0m 301.231 ms - 313[0m
[0mPATCH /auth/aprobar/6923bbb94f56f824058c4433 [32m200[0m 248.332 ms - 302[0m
[0mPOST /auth/login [32m200[0m 224.744 ms - 517[0m
[0mPOST /auth/register [32m201[0m 296.943 ms - 315[0m
[0mPATCH /auth/aprobar/6923bbba4f56f824058c443a [32m200[0m 210.516 ms - 304[0m
[0mPOST /auth/login [32m200[0m 205.618 ms - 519[0m
[0mPOST /auth/register [32m201[0m 331.785 ms - 309[0m
[0mPATCH /auth/aprobar/6923bbbb4f56f824058c4441 [32m200[0m 221.630 ms - 298[0m
[0mPOST /auth/login [32m200[0m 208.928 ms - 510[0m
[0mPOST /auth/register [32m201[0m 324.236 ms - 311[0m
[0mPATCH /auth/aprobar/6923bbbc4f56f824058c4448 [32m200[0m 210.768 ms - 300[0m
[0mPOST /auth/login [32m200[0m 254.078 ms - 512[0m
[90mstderr[2m | tests/error-handling.test.mjs[2m > [22m[2mError Handling - Inversi├│n de Control[2m > [22m[2mMiddlewares de Autenticaci├│n (401)[2m > [22m[2mGET /slots sin token devuelve 401 con formato unificado
[22m[39mError: Token requerido

[0mGET /slots [33m401[0m 12.649 ms - 29[0m
[90mstderr[2m | tests/error-handling.test.mjs[2m > [22m[2mError Handling - Inversi├│n de Control[2m > [22m[2mMiddlewares de Autenticaci├│n (401)[2m > [22m[2mPOST /assignments sin token devuelve 401
[22m[39m[Seed] Usuarios base ya existentes, se omite insercion duplicada.

[0mPOST /auth/login [32m200[0m 402.659 ms - 486[0m
[0mPOST /auth/register [32m201[0m 585.697 ms - 313[0m
[0mPATCH /auth/aprobar/6923bbbe4f56f824058c4455 [32m200[0m 218.953 ms - 302[0m
[0mPOST /auth/login [32m200[0m 282.673 ms - 517[0m
[0mPOST /auth/register [32m201[0m 316.242 ms - 315[0m
[0mPATCH /auth/aprobar/6923bbbf4f56f824058c445c [32m200[0m 208.315 ms - 304[0m
[0mPOST /auth/login [32m200[0m 233.084 ms - 519[0m
[0mPOST /auth/register [32m201[0m 298.215 ms - 309[0m
[0mPATCH /auth/aprobar/6923bbc04f56f824058c4463 [32m200[0m 219.042 ms - 298[0m
[0mPOST /auth/login [32m200[0m 303.783 ms - 510[0m
[0mPOST /auth/register [32m201[0m 367.705 ms - 311[0m
[0mPATCH /auth/aprobar/6923bbc14f56f824058c446a [32m200[0m 205.970 ms - 300[0m
[0mPOST /auth/login [32m200[0m 235.487 ms - 512[0m
[90mstderr[2m | tests/error-handling.test.mjs[2m > [22m[2mError Handling - Inversi├│n de Control[2m > [22m[2mMiddlewares de Autenticaci├│n (401)[2m > [22m[2mPOST /assignments sin token devuelve 401
[22m[39mError: Token requerido

[0mPOST /assignments [33m401[0m 4.332 ms - 29[0m
[90mstderr[2m | tests/error-handling.test.mjs[2m > [22m[2mError Handling - Inversi├│n de Control[2m > [22m[2mMiddlewares de Autenticaci├│n (401)[2m > [22m[2mPATCH /auth/aprobar/:id sin token devuelve 401
[22m[39m[Seed] Usuarios base ya existentes, se omite insercion duplicada.

[0mPOST /auth/login [32m200[0m 207.555 ms - 486[0m
[0mPOST /auth/register [32m201[0m 293.638 ms - 313[0m
[0mPATCH /auth/aprobar/6923bbc34f56f824058c4477 [32m200[0m 220.113 ms - 302[0m
[0mPOST /auth/login [32m200[0m 194.682 ms - 517[0m
[0mPOST /auth/register [32m201[0m 277.642 ms - 315[0m
[0mPATCH /auth/aprobar/6923bbc44f56f824058c447e [32m200[0m 210.147 ms - 304[0m
[0mPOST /auth/login [32m200[0m 192.004 ms - 519[0m
[0mPOST /auth/register [32m201[0m 327.083 ms - 310[0m
[0mPATCH /auth/aprobar/6923bbc44f56f824058c4485 [32m200[0m 251.351 ms - 299[0m
[0mPOST /auth/login [32m200[0m 353.821 ms - 511[0m
[0mPOST /auth/register [32m201[0m 281.520 ms - 312[0m
[0mPATCH /auth/aprobar/6923bbc54f56f824058c448c [32m200[0m 201.880 ms - 301[0m
[0mPOST /auth/login [32m200[0m 198.442 ms - 513[0m
[90mstderr[2m | tests/error-handling.test.mjs[2m > [22m[2mError Handling - Inversi├│n de Control[2m > [22m[2mMiddlewares de Autenticaci├│n (401)[2m > [22m[2mPATCH /auth/aprobar/:id sin token devuelve 401
[22m[39mError: Token requerido

[0mPATCH /auth/aprobar/6923bbc64f56f824058c4492 [33m401[0m 1.195 ms - 29[0m
[90mstderr[2m | tests/error-handling.test.mjs[2m > [22m[2mError Handling - Inversi├│n de Control[2m > [22m[2mMiddlewares de Autenticaci├│n (401)[2m > [22m[2mToken inv├ílido devuelve 401 con mensaje apropiado
[22m[39m[Seed] Usuarios base ya existentes, se omite insercion duplicada.

[0mPOST /auth/login [32m200[0m 200.018 ms - 486[0m
[0mPOST /auth/register [32m201[0m 286.147 ms - 314[0m
[0mPATCH /auth/aprobar/6923bbc74f56f824058c449a [32m200[0m 194.139 ms - 303[0m
[0mPOST /auth/login [32m200[0m 196.910 ms - 518[0m
[0mPOST /auth/register [32m201[0m 267.993 ms - 316[0m
[0mPATCH /auth/aprobar/6923bbc74f56f824058c44a1 [32m200[0m 196.943 ms - 305[0m
[0mPOST /auth/login [32m200[0m 191.191 ms - 520[0m
[0mPOST /auth/register [32m201[0m 248.826 ms - 310[0m
[0mPATCH /auth/aprobar/6923bbc84f56f824058c44a8 [32m200[0m 202.505 ms - 299[0m
[0mPOST /auth/login [32m200[0m 189.689 ms - 511[0m
[0mPOST /auth/register [32m201[0m 249.740 ms - 312[0m
[0mPATCH /auth/aprobar/6923bbc94f56f824058c44af [32m200[0m 196.412 ms - 301[0m
[0mPOST /auth/login [32m200[0m 193.074 ms - 513[0m
[90mstderr[2m | tests/error-handling.test.mjs[2m > [22m[2mError Handling - Inversi├│n de Control[2m > [22m[2mMiddlewares de Autenticaci├│n (401)[2m > [22m[2mToken inv├ílido devuelve 401 con mensaje apropiado
[22m[39mError: Token inv├ílido o expirado

[0mGET /slots [33m401[0m 1.688 ms - 40[0m
[90mstderr[2m | tests/error-handling.test.mjs[2m > [22m[2mError Handling - Inversi├│n de Control[2m > [22m[2mMiddlewares de Autorizaci├│n (403)[2m > [22m[2mAlumno intentando crear asignaci├│n recibe 403
[22m[39m[Seed] Usuarios base ya existentes, se omite insercion duplicada.

[0mPOST /auth/login [32m200[0m 196.942 ms - 486[0m
[0mPOST /auth/register [32m201[0m 257.427 ms - 314[0m
[0mPATCH /auth/aprobar/6923bbca4f56f824058c44bc [32m200[0m 200.518 ms - 303[0m
[0mPOST /auth/login [32m200[0m 198.277 ms - 518[0m
[0mPOST /auth/register [32m201[0m 251.486 ms - 316[0m
[0mPATCH /auth/aprobar/6923bbcb4f56f824058c44c3 [32m200[0m 200.005 ms - 305[0m
[0mPOST /auth/login [32m200[0m 193.901 ms - 520[0m
[0mPOST /auth/register [32m201[0m 257.791 ms - 310[0m
[0mPATCH /auth/aprobar/6923bbcc4f56f824058c44ca [32m200[0m 198.439 ms - 299[0m
[0mPOST /auth/login [32m200[0m 190.308 ms - 511[0m
[0mPOST /auth/register [32m201[0m 261.487 ms - 312[0m
[0mPATCH /auth/aprobar/6923bbcc4f56f824058c44d1 [32m200[0m 202.790 ms - 301[0m
[0mPOST /auth/login [32m200[0m 190.448 ms - 513[0m
[90mstderr[2m | tests/error-handling.test.mjs[2m > [22m[2mError Handling - Inversi├│n de Control[2m > [22m[2mMiddlewares de Autorizaci├│n (403)[2m > [22m[2mAlumno intentando crear asignaci├│n recibe 403
[22m[39mError: Acceso denegado

[0mPOST /assignments [33m403[0m 67.431 ms - 29[0m
[90mstderr[2m | tests/error-handling.test.mjs[2m > [22m[2mError Handling - Inversi├│n de Control[2m > [22m[2mMiddlewares de Autorizaci├│n (403)[2m > [22m[2mAlumno intentando listar usuarios recibe 403
[22m[39m[Seed] Usuarios base ya existentes, se omite insercion duplicada.

[0mPOST /auth/login [32m200[0m 191.357 ms - 486[0m
[0mPOST /auth/register [32m201[0m 357.226 ms - 314[0m
[0mPATCH /auth/aprobar/6923bbce4f56f824058c44df [32m200[0m 216.205 ms - 303[0m
[0mPOST /auth/login [32m200[0m 193.138 ms - 518[0m
[0mPOST /auth/register [32m201[0m 261.863 ms - 316[0m
[0mPATCH /auth/aprobar/6923bbcf4f56f824058c44e6 [32m200[0m 205.849 ms - 305[0m
[0mPOST /auth/login [32m200[0m 193.092 ms - 520[0m
[0mPOST /auth/register [32m201[0m 257.861 ms - 310[0m
[0mPATCH /auth/aprobar/6923bbd04f56f824058c44ed [32m200[0m 199.960 ms - 299[0m
[0mPOST /auth/login [32m200[0m 187.758 ms - 511[0m
[0mPOST /auth/register [32m201[0m 261.023 ms - 312[0m
[0mPATCH /auth/aprobar/6923bbd04f56f824058c44f4 [32m200[0m 202.670 ms - 301[0m
[0mPOST /auth/login [32m200[0m 194.736 ms - 513[0m
[90mstderr[2m | tests/error-handling.test.mjs[2m > [22m[2mError Handling - Inversi├│n de Control[2m > [22m[2mMiddlewares de Autorizaci├│n (403)[2m > [22m[2mAlumno intentando listar usuarios recibe 403
[22m[39mError: Acceso denegado

[0mGET /usuarios [33m403[0m 64.697 ms - 29[0m
[90mstderr[2m | tests/error-handling.test.mjs[2m > [22m[2mError Handling - Inversi├│n de Control[2m > [22m[2mMiddlewares de Autorizaci├│n (403)[2m > [22m[2mAlumno intentando crear slot recibe 403
[22m[39m[Seed] Usuarios base ya existentes, se omite insercion duplicada.

[0mPOST /auth/login [32m200[0m 189.719 ms - 486[0m
[0mPOST /auth/register [32m201[0m 264.921 ms - 314[0m
[0mPATCH /auth/aprobar/6923bbd24f56f824058c4502 [32m200[0m 192.213 ms - 303[0m
[0mPOST /auth/login [32m200[0m 198.167 ms - 518[0m
[0mPOST /auth/register [32m201[0m 253.138 ms - 316[0m
[0mPATCH /auth/aprobar/6923bbd24f56f824058c4509 [32m200[0m 200.303 ms - 305[0m
[0mPOST /auth/login [32m200[0m 190.942 ms - 520[0m
[0mPOST /auth/register [32m201[0m 254.974 ms - 310[0m
[0mPATCH /auth/aprobar/6923bbd34f56f824058c4510 [32m200[0m 210.817 ms - 299[0m
[0mPOST /auth/login [32m200[0m 192.188 ms - 511[0m
[0mPOST /auth/register [32m201[0m 275.924 ms - 312[0m
[0mPATCH /auth/aprobar/6923bbd44f56f824058c4517 [32m200[0m 201.886 ms - 301[0m
[0mPOST /auth/login [32m200[0m 220.565 ms - 513[0m
[90mstderr[2m | tests/error-handling.test.mjs[2m > [22m[2mError Handling - Inversi├│n de Control[2m > [22m[2mMiddlewares de Autorizaci├│n (403)[2m > [22m[2mAlumno intentando crear slot recibe 403
[22m[39mError: Acceso denegado

[0mPOST /slots [33m403[0m 68.929 ms - 29[0m
[90mstderr[2m | tests/error-handling.test.mjs[2m > [22m[2mError Handling - Inversi├│n de Control[2m > [22m[2mMiddlewares de Autorizaci├│n (403)[2m > [22m[2mProfesor intentando aprobar usuario recibe 404 (ID v├ílido inexistente)
[22m[39m[Seed] Usuarios base ya existentes, se omite insercion duplicada.

[0mPOST /auth/login [32m200[0m 186.504 ms - 486[0m
[0mPOST /auth/register [32m201[0m 258.534 ms - 314[0m
[0mPATCH /auth/aprobar/6923bbd54f56f824058c4525 [32m200[0m 195.636 ms - 303[0m
[0mPOST /auth/login [32m200[0m 193.373 ms - 518[0m
[0mPOST /auth/register [32m201[0m 253.137 ms - 316[0m
[0mPATCH /auth/aprobar/6923bbd64f56f824058c452c [32m200[0m 190.966 ms - 305[0m
[0mPOST /auth/login [32m200[0m 211.589 ms - 520[0m
[0mPOST /auth/register [32m201[0m 261.762 ms - 310[0m
[0mPATCH /auth/aprobar/6923bbd74f56f824058c4533 [32m200[0m 200.274 ms - 299[0m
[0mPOST /auth/login [32m200[0m 197.523 ms - 511[0m
[0mPOST /auth/register [32m201[0m 252.968 ms - 312[0m
[0mPATCH /auth/aprobar/6923bbd74f56f824058c453a [32m200[0m 204.970 ms - 301[0m
[0mPOST /auth/login [32m200[0m 189.953 ms - 513[0m
[90mstderr[2m | tests/error-handling.test.mjs[2m > [22m[2mError Handling - Inversi├│n de Control[2m > [22m[2mMiddlewares de Autorizaci├│n (403)[2m > [22m[2mProfesor intentando aprobar usuario recibe 404 (ID v├ílido inexistente)
[22m[39mError: Usuario no encontrado

[0mPATCH /auth/aprobar/6923bbd84f56f824058c4540 [33m404[0m 132.255 ms - 35[0m
[90mstderr[2m | tests/error-handling.test.mjs[2m > [22m[2mError Handling - Inversi├│n de Control[2m > [22m[2mMiddleware requireApproved (403)[2m > [22m[2mAlumno no aprobado no puede solicitar turno
[22m[39m[Seed] Usuarios base ya existentes, se omite insercion duplicada.

[0mPOST /auth/login [32m200[0m 225.823 ms - 486[0m
[0mPOST /auth/register [32m201[0m 260.471 ms - 314[0m
[0mPATCH /auth/aprobar/6923bbd94f56f824058c454a [32m200[0m 200.492 ms - 303[0m
[0mPOST /auth/login [32m200[0m 200.183 ms - 518[0m
[0mPOST /auth/register [32m201[0m 269.232 ms - 316[0m
[0mPATCH /auth/aprobar/6923bbda4f56f824058c4551 [32m200[0m 197.890 ms - 305[0m
[0mPOST /auth/login [32m200[0m 191.172 ms - 520[0m
[0mPOST /auth/register [32m201[0m 260.258 ms - 310[0m
[0mPATCH /auth/aprobar/6923bbda4f56f824058c4558 [32m200[0m 201.151 ms - 299[0m
[0mPOST /auth/login [32m200[0m 196.746 ms - 511[0m
[0mPOST /auth/register [32m201[0m 272.644 ms - 312[0m
[0mPATCH /auth/aprobar/6923bbdb4f56f824058c455f [32m200[0m 188.659 ms - 301[0m
[0mPOST /auth/login [32m200[0m 188.910 ms - 513[0m
[0mPOST /auth/register [32m201[0m 260.647 ms - 314[0m
[0mPOST /auth/login [32m200[0m 187.416 ms - 517[0m
[0mPOST /assignments [32m201[0m 136.903 ms - 352[0m
[0mPOST /slots [32m201[0m 293.920 ms - 587[0m
[90mstderr[2m | tests/error-handling.test.mjs[2m > [22m[2mError Handling - Inversi├│n de Control[2m > [22m[2mMiddleware requireApproved (403)[2m > [22m[2mAlumno no aprobado no puede solicitar turno
[22m[39mError: Tu cuenta debe ser aprobada por un profesor o administrador

[0mPATCH /slots/6923bbdc4f56f824058c456d/solicitar [33m403[0m 64.353 ms - 73[0m
[90mstderr[2m | tests/error-handling.test.mjs[2m > [22m[2mError Handling - Inversi├│n de Control[2m > [22m[2mMiddleware de Validaci├│n (400)[2m > [22m[2mPOST /assignments con dueDate inv├ílido devuelve 400 con errores array
[22m[39m[Seed] Usuarios base ya existentes, se omite insercion duplicada.

[0mPOST /auth/login [32m200[0m 210.759 ms - 486[0m
[0mPOST /auth/register [32m201[0m 263.824 ms - 314[0m
[0mPATCH /auth/aprobar/6923bbde4f56f824058c4579 [32m200[0m 202.325 ms - 303[0m
[0mPOST /auth/login [32m200[0m 196.461 ms - 518[0m
[0mPOST /auth/register [32m201[0m 260.002 ms - 316[0m
[0mPATCH /auth/aprobar/6923bbde4f56f824058c4580 [32m200[0m 197.716 ms - 305[0m
[0mPOST /auth/login [32m200[0m 189.010 ms - 520[0m
[0mPOST /auth/register [32m201[0m 259.130 ms - 310[0m
[0mPATCH /auth/aprobar/6923bbdf4f56f824058c4587 [32m200[0m 192.343 ms - 299[0m
[0mPOST /auth/login [32m200[0m 192.575 ms - 511[0m
[0mPOST /auth/register [32m201[0m 280.703 ms - 312[0m
[0mPATCH /auth/aprobar/6923bbe04f56f824058c458e [32m200[0m 204.625 ms - 301[0m
[0mPOST /auth/login [32m200[0m 193.359 ms - 513[0m
[90mstderr[2m | tests/error-handling.test.mjs[2m > [22m[2mError Handling - Inversi├│n de Control[2m > [22m[2mMiddleware de Validaci├│n (400)[2m > [22m[2mPOST /assignments con dueDate inv├ílido devuelve 400 con errores array
[22m[39mError: Error de validacion

[0mPOST /assignments [33m400[0m 65.722 ms - 147[0m
[90mstderr[2m | tests/error-handling.test.mjs[2m > [22m[2mError Handling - Inversi├│n de Control[2m > [22m[2mMiddleware de Validaci├│n (400)[2m > [22m[2mPOST /assignments sin campos requeridos devuelve 400
[22m[39m[Seed] Usuarios base ya existentes, se omite insercion duplicada.

[0mPOST /auth/login [32m200[0m 189.875 ms - 486[0m
[0mPOST /auth/register [32m201[0m 253.316 ms - 314[0m
[0mPATCH /auth/aprobar/6923bbe14f56f824058c459c [32m200[0m 191.390 ms - 303[0m
[0mPOST /auth/login [32m200[0m 194.058 ms - 518[0m
[0mPOST /auth/register [32m201[0m 281.959 ms - 316[0m
[0mPATCH /auth/aprobar/6923bbe24f56f824058c45a3 [32m200[0m 199.149 ms - 305[0m
[0mPOST /auth/login [32m200[0m 189.599 ms - 520[0m
[0mPOST /auth/register [32m201[0m 250.080 ms - 310[0m
[0mPATCH /auth/aprobar/6923bbe24f56f824058c45aa [32m200[0m 201.602 ms - 299[0m
[0mPOST /auth/login [32m200[0m 193.607 ms - 511[0m
[0mPOST /auth/register [32m201[0m 261.790 ms - 312[0m
[0mPATCH /auth/aprobar/6923bbe34f56f824058c45b1 [32m200[0m 223.865 ms - 301[0m
[0mPOST /auth/login [32m200[0m 199.235 ms - 513[0m
[90mstderr[2m | tests/error-handling.test.mjs[2m > [22m[2mError Handling - Inversi├│n de Control[2m > [22m[2mMiddleware de Validaci├│n (400)[2m > [22m[2mPOST /assignments sin campos requeridos devuelve 400
[22m[39mError: Error de validacion

[0mPOST /assignments [33m400[0m 65.348 ms - 275[0m
[90mstderr[2m | tests/error-handling.test.mjs[2m > [22m[2mError Handling - Inversi├│n de Control[2m > [22m[2mMiddleware de Validaci├│n (400)[2m > [22m[2mPATCH /slots/:id/estado con estado inv├ílido devuelve 400
[22m[39m[Seed] Usuarios base ya existentes, se omite insercion duplicada.

[0mPOST /auth/login [32m200[0m 191.118 ms - 486[0m
[0mPOST /auth/register [32m201[0m 274.761 ms - 314[0m
[0mPATCH /auth/aprobar/6923bbe54f56f824058c45bf [32m200[0m 188.291 ms - 303[0m
[0mPOST /auth/login [32m200[0m 192.713 ms - 518[0m
[0mPOST /auth/register [32m201[0m 282.560 ms - 316[0m
[0mPATCH /auth/aprobar/6923bbe54f56f824058c45c6 [32m200[0m 198.523 ms - 305[0m
[0mPOST /auth/login [32m200[0m 215.523 ms - 520[0m
[0mPOST /auth/register [32m201[0m 280.234 ms - 310[0m
[0mPATCH /auth/aprobar/6923bbe64f56f824058c45cd [32m200[0m 201.418 ms - 299[0m
[0mPOST /auth/login [32m200[0m 348.677 ms - 511[0m
[0mPOST /auth/register [32m201[0m 385.673 ms - 312[0m
[0mPATCH /auth/aprobar/6923bbe74f56f824058c45d4 [32m200[0m 196.471 ms - 301[0m
[0mPOST /auth/login [32m200[0m 305.675 ms - 513[0m
[0mPOST /assignments [32m201[0m 130.405 ms - 352[0m
[0mPOST /slots [32m201[0m 267.030 ms - 587[0m
[90mstderr[2m | tests/error-handling.test.mjs[2m > [22m[2mError Handling - Inversi├│n de Control[2m > [22m[2mMiddleware de Validaci├│n (400)[2m > [22m[2mPATCH /slots/:id/estado con estado inv├ílido devuelve 400
[22m[39mError: Error de validacion

[0mPATCH /slots/6923bbe84f56f824058c45de/estado [33m400[0m 69.660 ms - 79[0m
[90mstderr[2m | tests/error-handling.test.mjs[2m > [22m[2mError Handling - Inversi├│n de Control[2m > [22m[2mMiddleware de Validaci├│n (400)[2m > [22m[2mPOST /auth/register sin password devuelve 400
[22m[39m[Seed] Usuarios base ya existentes, se omite insercion duplicada.

[0mPOST /auth/login [32m200[0m 196.101 ms - 486[0m
[0mPOST /auth/register [32m201[0m 266.712 ms - 314[0m
[0mPATCH /auth/aprobar/6923bbe94f56f824058c45ea [32m200[0m 200.855 ms - 303[0m
[0mPOST /auth/login [32m200[0m 195.986 ms - 518[0m
[0mPOST /auth/register [32m201[0m 253.867 ms - 316[0m
[0mPATCH /auth/aprobar/6923bbea4f56f824058c45f1 [32m200[0m 188.582 ms - 305[0m
[0mPOST /auth/login [32m200[0m 189.668 ms - 520[0m
[0mPOST /auth/register [32m201[0m 253.723 ms - 310[0m
[0mPATCH /auth/aprobar/6923bbeb4f56f824058c45f8 [32m200[0m 194.379 ms - 299[0m
[0mPOST /auth/login [32m200[0m 196.405 ms - 511[0m
[0mPOST /auth/register [32m201[0m 260.370 ms - 312[0m
[0mPATCH /auth/aprobar/6923bbeb4f56f824058c45ff [32m200[0m 202.619 ms - 301[0m
[0mPOST /auth/login [32m200[0m 198.941 ms - 513[0m
[90mstderr[2m | tests/error-handling.test.mjs[2m > [22m[2mError Handling - Inversi├│n de Control[2m > [22m[2mMiddleware de Validaci├│n (400)[2m > [22m[2mPOST /auth/register sin password devuelve 400
[22m[39mError: Error de validacion

[0mPOST /auth/register [33m400[0m 2.274 ms - 106[0m
[90mstderr[2m | tests/error-handling.test.mjs[2m > [22m[2mError Handling - Inversi├│n de Control[2m > [22m[2mServicios - Errores 404 (ID Inv├ílido/No Existe)[2m > [22m[2mGET /assignments/:id con ID inv├ílido devuelve 400 (validaci├│n de par├ímetro)
[22m[39m[Seed] Usuarios base ya existentes, se omite insercion duplicada.

[0mPOST /auth/login [32m200[0m 194.536 ms - 486[0m
[0mPOST /auth/register [32m201[0m 254.316 ms - 314[0m
[0mPATCH /auth/aprobar/6923bbed4f56f824058c460c [32m200[0m 192.465 ms - 303[0m
[0mPOST /auth/login [32m200[0m 219.741 ms - 518[0m
[0mPOST /auth/register [32m201[0m 280.427 ms - 316[0m
[0mPATCH /auth/aprobar/6923bbed4f56f824058c4613 [32m200[0m 215.453 ms - 305[0m
[0mPOST /auth/login [32m200[0m 197.047 ms - 520[0m
[0mPOST /auth/register [32m201[0m 266.845 ms - 310[0m
[0mPATCH /auth/aprobar/6923bbee4f56f824058c461a [32m200[0m 200.025 ms - 299[0m
[0mPOST /auth/login [32m200[0m 197.495 ms - 511[0m
[0mPOST /auth/register [32m201[0m 256.252 ms - 312[0m
[0mPATCH /auth/aprobar/6923bbef4f56f824058c4621 [32m200[0m 191.891 ms - 301[0m
[0mPOST /auth/login [32m200[0m 266.607 ms - 513[0m
[90mstderr[2m | tests/error-handling.test.mjs[2m > [22m[2mError Handling - Inversi├│n de Control[2m > [22m[2mServicios - Errores 404 (ID Inv├ílido/No Existe)[2m > [22m[2mGET /assignments/:id con ID inv├ílido devuelve 400 (validaci├│n de par├ímetro)
[22m[39mError: Error de validacion

[0mGET /assignments/id-invalido-123 [33m400[0m 73.272 ms - 72[0m
[90mstderr[2m | tests/error-handling.test.mjs[2m > [22m[2mError Handling - Inversi├│n de Control[2m > [22m[2mServicios - Errores 404 (ID Inv├ílido/No Existe)[2m > [22m[2mGET /assignments/:id con ID v├ílido pero inexistente devuelve 404
[22m[39m[Seed] Usuarios base ya existentes, se omite insercion duplicada.

[0mPOST /auth/login [32m200[0m 247.877 ms - 486[0m
[0mPOST /auth/register [32m201[0m 331.873 ms - 314[0m
[0mPATCH /auth/aprobar/6923bbf14f56f824058c462f [32m200[0m 207.967 ms - 303[0m
[0mPOST /auth/login [32m200[0m 252.247 ms - 518[0m
[0mPOST /auth/register [32m201[0m 696.644 ms - 316[0m
[0mPATCH /auth/aprobar/6923bbf24f56f824058c4636 [32m200[0m 206.008 ms - 305[0m
[0mPOST /auth/login [32m200[0m 225.024 ms - 520[0m
[0mPOST /auth/register [32m201[0m 274.900 ms - 310[0m
[0mPATCH /auth/aprobar/6923bbf34f56f824058c463d [32m200[0m 193.051 ms - 299[0m
[0mPOST /auth/login [32m200[0m 193.921 ms - 511[0m
[0mPOST /auth/register [32m201[0m 272.419 ms - 312[0m
[0mPATCH /auth/aprobar/6923bbf34f56f824058c4644 [32m200[0m 194.037 ms - 301[0m
[0mPOST /auth/login [32m200[0m 209.039 ms - 513[0m
[90mstderr[2m | tests/error-handling.test.mjs[2m > [22m[2mError Handling - Inversi├│n de Control[2m > [22m[2mServicios - Errores 404 (ID Inv├ílido/No Existe)[2m > [22m[2mGET /assignments/:id con ID v├ílido pero inexistente devuelve 404
[22m[39mError: Asignaci├│n no encontrada

[0mGET /assignments/6923bbf44f56f824058c464a [33m404[0m 131.897 ms - 39[0m
[90mstderr[2m | tests/error-handling.test.mjs[2m > [22m[2mError Handling - Inversi├│n de Control[2m > [22m[2mServicios - Errores 404 (ID Inv├ílido/No Existe)[2m > [22m[2mGET /slots/:id con ID inv├ílido devuelve 400/404
[22m[39m[Seed] Usuarios base ya existentes, se omite insercion duplicada.

[0mPOST /auth/login [32m200[0m 201.220 ms - 486[0m
[0mPOST /auth/register [32m201[0m 255.619 ms - 314[0m
[0mPATCH /auth/aprobar/6923bbf54f56f824058c4654 [32m200[0m 200.081 ms - 303[0m
[0mPOST /auth/login [32m200[0m 193.408 ms - 518[0m
[0mPOST /auth/register [32m201[0m 269.566 ms - 316[0m
[0mPATCH /auth/aprobar/6923bbf64f56f824058c465b [32m200[0m 204.778 ms - 305[0m
[0mPOST /auth/login [32m200[0m 201.534 ms - 520[0m
[0mPOST /auth/register [32m201[0m 254.111 ms - 310[0m
[0mPATCH /auth/aprobar/6923bbf64f56f824058c4662 [32m200[0m 194.498 ms - 299[0m
[0mPOST /auth/login [32m200[0m 190.705 ms - 511[0m
[0mPOST /auth/register [32m201[0m 249.779 ms - 312[0m
[0mPATCH /auth/aprobar/6923bbf74f56f824058c4669 [32m200[0m 194.359 ms - 301[0m
[0mPOST /auth/login [32m200[0m 192.084 ms - 513[0m
[90mstderr[2m | tests/error-handling.test.mjs[2m > [22m[2mError Handling - Inversi├│n de Control[2m > [22m[2mServicios - Errores 404 (ID Inv├ílido/No Existe)[2m > [22m[2mGET /slots/:id con ID inv├ílido devuelve 400/404
[22m[39mError: Error de validacion

[0mGET /slots/abc123 [33m400[0m 71.490 ms - 80[0m
[90mstderr[2m | tests/error-handling.test.mjs[2m > [22m[2mError Handling - Inversi├│n de Control[2m > [22m[2mServicios - Errores 404 (ID Inv├ílido/No Existe)[2m > [22m[2mGET /slots/:id con ID v├ílido pero inexistente devuelve 404
[22m[39m[Seed] Usuarios base ya existentes, se omite insercion duplicada.

[0mPOST /auth/login [32m200[0m 195.158 ms - 486[0m
[0mPOST /auth/register [32m201[0m 272.245 ms - 314[0m
[0mPATCH /auth/aprobar/6923bbf94f56f824058c4677 [32m200[0m 192.803 ms - 303[0m
[0mPOST /auth/login [32m200[0m 196.241 ms - 518[0m
[0mPOST /auth/register [32m201[0m 262.325 ms - 316[0m
[0mPATCH /auth/aprobar/6923bbf94f56f824058c467e [32m200[0m 201.056 ms - 305[0m
[0mPOST /auth/login [32m200[0m 212.401 ms - 520[0m
[0mPOST /auth/register [32m201[0m 284.479 ms - 310[0m
[0mPATCH /auth/aprobar/6923bbfa4f56f824058c4685 [32m200[0m 197.948 ms - 299[0m
[0mPOST /auth/login [32m200[0m 243.952 ms - 511[0m
[0mPOST /auth/register [32m201[0m 258.997 ms - 312[0m
[0mPATCH /auth/aprobar/6923bbfb4f56f824058c468c [32m200[0m 205.568 ms - 301[0m
[0mPOST /auth/login [32m200[0m 454.995 ms - 513[0m
[90mstderr[2m | tests/error-handling.test.mjs[2m > [22m[2mError Handling - Inversi├│n de Control[2m > [22m[2mServicios - Errores 404 (ID Inv├ílido/No Existe)[2m > [22m[2mGET /slots/:id con ID v├ílido pero inexistente devuelve 404
[22m[39mError: Turno no encontrado

[0mGET /slots/6923bbfc4f56f824058c4692 [33m404[0m 133.486 ms - 33[0m
[90mstderr[2m | tests/error-handling.test.mjs[2m > [22m[2mError Handling - Inversi├│n de Control[2m > [22m[2mServicios - Errores 404 (ID Inv├ílido/No Existe)[2m > [22m[2mPUT /assignments/:id con ID inv├ílido devuelve 400 (validaci├│n)
[22m[39m[Seed] Usuarios base ya existentes, se omite insercion duplicada.

[0mPOST /auth/login [32m200[0m 191.159 ms - 486[0m
[0mPOST /auth/register [32m201[0m 257.320 ms - 314[0m
[0mPATCH /auth/aprobar/6923bbfd4f56f824058c469c [32m200[0m 191.948 ms - 303[0m
[0mPOST /auth/login [32m200[0m 194.443 ms - 518[0m
[0mPOST /auth/register [32m201[0m 273.955 ms - 316[0m
[0mPATCH /auth/aprobar/6923bbfd4f56f824058c46a3 [32m200[0m 200.656 ms - 305[0m
[0mPOST /auth/login [32m200[0m 228.157 ms - 520[0m
[0mPOST /auth/register [32m201[0m 264.586 ms - 310[0m
[0mPATCH /auth/aprobar/6923bbfe4f56f824058c46aa [32m200[0m 191.559 ms - 299[0m
[0mPOST /auth/login [32m200[0m 202.418 ms - 511[0m
[0mPOST /auth/register [32m201[0m 263.198 ms - 312[0m
[0mPATCH /auth/aprobar/6923bbff4f56f824058c46b1 [32m200[0m 191.631 ms - 301[0m
[0mPOST /auth/login [32m200[0m 204.401 ms - 513[0m
[90mstderr[2m | tests/error-handling.test.mjs[2m > [22m[2mError Handling - Inversi├│n de Control[2m > [22m[2mServicios - Errores 404 (ID Inv├ílido/No Existe)[2m > [22m[2mPUT /assignments/:id con ID inv├ílido devuelve 400 (validaci├│n)
[22m[39mError: Error de validacion

[0mPUT /assignments/invalid-id [33m400[0m 74.720 ms - 124[0m
[90mstderr[2m | tests/error-handling.test.mjs[2m > [22m[2mError Handling - Inversi├│n de Control[2m > [22m[2mServicios - Errores 404 (ID Inv├ílido/No Existe)[2m > [22m[2mDELETE /assignments/:id con ID inv├ílido devuelve 400 (validaci├│n)
[22m[39m[Seed] Usuarios base ya existentes, se omite insercion duplicada.

[0mPOST /auth/login [32m200[0m 223.625 ms - 486[0m
[0mPOST /auth/register [32m201[0m 264.584 ms - 314[0m
[0mPATCH /auth/aprobar/6923bc004f56f824058c46bf [32m200[0m 201.321 ms - 303[0m
[0mPOST /auth/login [32m200[0m 195.105 ms - 518[0m
[0mPOST /auth/register [32m201[0m 266.214 ms - 316[0m
[0mPATCH /auth/aprobar/6923bc014f56f824058c46c6 [32m200[0m 203.194 ms - 305[0m
[0mPOST /auth/login [32m200[0m 189.780 ms - 520[0m
[0mPOST /auth/register [32m201[0m 268.351 ms - 310[0m
[0mPATCH /auth/aprobar/6923bc024f56f824058c46cd [32m200[0m 189.165 ms - 299[0m
[0mPOST /auth/login [32m200[0m 196.109 ms - 511[0m
[0mPOST /auth/register [32m201[0m 287.696 ms - 312[0m
[0mPATCH /auth/aprobar/6923bc024f56f824058c46d4 [32m200[0m 202.992 ms - 301[0m
[0mPOST /auth/login [32m200[0m 203.936 ms - 513[0m
[0mDELETE /assignments/xyz [33m400[0m 65.635 ms - 72[0m
[90mstderr[2m | tests/error-handling.test.mjs[2m > [22m[2mError Handling - Inversi├│n de Control[2m > [22m[2mServicios - Errores 404 (ID Inv├ílido/No Existe)[2m > [22m[2mDELETE /assignments/:id con ID inv├ílido devuelve 400 (validaci├│n)
[22m[39mError: Error de validacion

[90mstderr[2m | tests/error-handling.test.mjs[2m > [22m[2mError Handling - Inversi├│n de Control[2m > [22m[2mServicios - Errores 404 (ID Inv├ílido/No Existe)[2m > [22m[2mPATCH /auth/aprobar/:id con ID inv├ílido devuelve 404
[22m[39m[Seed] Usuarios base ya existentes, se omite insercion duplicada.

[0mPOST /auth/login [32m200[0m 201.195 ms - 486[0m
[0mPOST /auth/register [32m201[0m 257.516 ms - 314[0m
[0mPATCH /auth/aprobar/6923bc044f56f824058c46e2 [32m200[0m 204.271 ms - 303[0m
[0mPOST /auth/login [32m200[0m 202.478 ms - 518[0m
[0mPOST /auth/register [32m201[0m 292.833 ms - 316[0m
[0mPATCH /auth/aprobar/6923bc054f56f824058c46e9 [32m200[0m 202.818 ms - 305[0m
[0mPOST /auth/login [32m200[0m 197.626 ms - 520[0m
[0mPOST /auth/register [32m201[0m 293.032 ms - 310[0m
[0mPATCH /auth/aprobar/6923bc054f56f824058c46f0 [32m200[0m 196.289 ms - 299[0m
[0mPOST /auth/login [32m200[0m 200.641 ms - 511[0m
[0mPOST /auth/register [32m201[0m 254.004 ms - 312[0m
[0mPATCH /auth/aprobar/6923bc064f56f824058c46f7 [32m200[0m 205.162 ms - 301[0m
[0mPOST /auth/login [32m200[0m 198.368 ms - 513[0m
[90mstderr[2m | tests/error-handling.test.mjs[2m > [22m[2mError Handling - Inversi├│n de Control[2m > [22m[2mServicios - Errores 404 (ID Inv├ílido/No Existe)[2m > [22m[2mPATCH /auth/aprobar/:id con ID inv├ílido devuelve 404
[22m[39mError: Usuario no encontrado

[0mPATCH /auth/aprobar/invalid-user-id [33m404[0m 63.436 ms - 35[0m
[90mstderr[2m | tests/error-handling.test.mjs[2m > [22m[2mError Handling - Inversi├│n de Control[2m > [22m[2mServicios - Errores 404 (ID Inv├ílido/No Existe)[2m > [22m[2mPATCH /auth/aprobar/:id con ID v├ílido pero inexistente devuelve 404
[22m[39m[Seed] Usuarios base ya existentes, se omite insercion duplicada.

[0mPOST /auth/login [32m200[0m 199.477 ms - 486[0m
[0mPOST /auth/register [32m201[0m 250.662 ms - 314[0m
[0mPATCH /auth/aprobar/6923bc084f56f824058c4705 [32m200[0m 192.844 ms - 303[0m
[0mPOST /auth/login [32m200[0m 192.025 ms - 518[0m
[0mPOST /auth/register [32m201[0m 266.616 ms - 316[0m
[0mPATCH /auth/aprobar/6923bc084f56f824058c470c [32m200[0m 194.897 ms - 305[0m
[0mPOST /auth/login [32m200[0m 202.239 ms - 520[0m
[0mPOST /auth/register [32m201[0m 261.226 ms - 310[0m
[0mPATCH /auth/aprobar/6923bc094f56f824058c4713 [32m200[0m 199.680 ms - 299[0m
[0mPOST /auth/login [32m200[0m 196.145 ms - 511[0m
[0mPOST /auth/register [32m201[0m 262.412 ms - 312[0m
[0mPATCH /auth/aprobar/6923bc0a4f56f824058c471a [32m200[0m 204.901 ms - 301[0m
[0mPOST /auth/login [32m200[0m 201.111 ms - 513[0m
[90mstderr[2m | tests/error-handling.test.mjs[2m > [22m[2mError Handling - Inversi├│n de Control[2m > [22m[2mServicios - Errores 404 (ID Inv├ílido/No Existe)[2m > [22m[2mPATCH /auth/aprobar/:id con ID v├ílido pero inexistente devuelve 404
[22m[39mError: Usuario no encontrado

[0mPATCH /auth/aprobar/6923bc0a4f56f824058c4720 [33m404[0m 124.797 ms - 35[0m
[90mstderr[2m | tests/error-handling.test.mjs[2m > [22m[2mError Handling - Inversi├│n de Control[2m > [22m[2mServicios - Errores de Negocio[2m > [22m[2mPOST /auth/login con credenciales incorrectas devuelve 401
[22m[39m[Seed] Usuarios base ya existentes, se omite insercion duplicada.

[0mPOST /auth/login [32m200[0m 194.632 ms - 486[0m
[0mPOST /auth/register [32m201[0m 287.927 ms - 314[0m
[0mPATCH /auth/aprobar/6923bc0b4f56f824058c472a [32m200[0m 191.752 ms - 303[0m
[0mPOST /auth/login [32m200[0m 195.955 ms - 518[0m
[0mPOST /auth/register [32m201[0m 276.646 ms - 316[0m
[0mPATCH /auth/aprobar/6923bc0c4f56f824058c4731 [32m200[0m 202.852 ms - 305[0m
[0mPOST /auth/login [32m200[0m 190.028 ms - 520[0m
[0mPOST /auth/register [32m201[0m 265.817 ms - 310[0m
[0mPATCH /auth/aprobar/6923bc0d4f56f824058c4738 [32m200[0m 208.253 ms - 299[0m
[0mPOST /auth/login [32m200[0m 192.593 ms - 511[0m
[0mPOST /auth/register [32m201[0m 258.253 ms - 312[0m
[0mPATCH /auth/aprobar/6923bc0d4f56f824058c473f [32m200[0m 208.139 ms - 301[0m
[0mPOST /auth/login [32m200[0m 197.110 ms - 513[0m
[90mstderr[2m | tests/error-handling.test.mjs[2m > [22m[2mError Handling - Inversi├│n de Control[2m > [22m[2mServicios - Errores de Negocio[2m > [22m[2mPOST /auth/login con credenciales incorrectas devuelve 401
[22m[39mError: Credenciales incorrectas

[0mPOST /auth/login [33m401[0m 196.149 ms - 38[0m
[90mstderr[2m | tests/error-handling.test.mjs[2m > [22m[2mError Handling - Inversi├│n de Control[2m > [22m[2mServicios - Errores de Negocio[2m > [22m[2mPOST /auth/register con email duplicado devuelve 409
[22m[39m[Seed] Usuarios base ya existentes, se omite insercion duplicada.

[0mPOST /auth/login [32m200[0m 195.812 ms - 486[0m
[0mPOST /auth/register [32m201[0m 262.633 ms - 314[0m
[0mPATCH /auth/aprobar/6923bc0f4f56f824058c474d [32m200[0m 203.652 ms - 303[0m
[0mPOST /auth/login [32m200[0m 193.651 ms - 518[0m
[0mPOST /auth/register [32m201[0m 263.677 ms - 316[0m
[0mPATCH /auth/aprobar/6923bc104f56f824058c4754 [32m200[0m 206.145 ms - 305[0m
[0mPOST /auth/login [32m200[0m 207.848 ms - 520[0m
[0mPOST /auth/register [32m201[0m 265.403 ms - 310[0m
[0mPATCH /auth/aprobar/6923bc104f56f824058c475b [32m200[0m 190.864 ms - 299[0m
[0mPOST /auth/login [32m200[0m 195.758 ms - 511[0m
[0mPOST /auth/register [32m201[0m 255.419 ms - 312[0m
[0mPATCH /auth/aprobar/6923bc114f56f824058c4762 [32m200[0m 194.020 ms - 301[0m
[0mPOST /auth/login [32m200[0m 195.462 ms - 513[0m
[90mstderr[2m | tests/error-handling.test.mjs[2m > [22m[2mError Handling - Inversi├│n de Control[2m > [22m[2mServicios - Errores de Negocio[2m > [22m[2mPOST /auth/register con email duplicado devuelve 409
[22m[39mError: Email ya registrado

[0mPOST /auth/register [33m409[0m 68.312 ms - 33[0m
[90mstderr[2m | tests/error-handling.test.mjs[2m > [22m[2mError Handling - Inversi├│n de Control[2m > [22m[2mServicios - Errores de Negocio[2m > [22m[2mPATCH /slots/:id/solicitar sin reservar devuelve 403
[22m[39m[Seed] Usuarios base ya existentes, se omite insercion duplicada.

[0mPOST /auth/login [32m200[0m 197.627 ms - 486[0m
[0mPOST /auth/register [32m201[0m 280.191 ms - 314[0m
[0mPATCH /auth/aprobar/6923bc134f56f824058c4770 [32m200[0m 197.549 ms - 303[0m
[0mPOST /auth/login [32m200[0m 195.047 ms - 518[0m
[0mPOST /auth/register [32m201[0m 510.483 ms - 316[0m
[0mPATCH /auth/aprobar/6923bc144f56f824058c4777 [32m200[0m 191.946 ms - 305[0m
[0mPOST /auth/login [32m200[0m 196.252 ms - 520[0m
[0mPOST /auth/register [32m201[0m 300.544 ms - 310[0m
[0mPATCH /auth/aprobar/6923bc144f56f824058c477e [32m200[0m 199.417 ms - 299[0m
[0mPOST /auth/login [32m200[0m 201.870 ms - 511[0m
[0mPOST /auth/register [32m201[0m 275.938 ms - 312[0m
[0mPATCH /auth/aprobar/6923bc154f56f824058c4785 [32m200[0m 201.242 ms - 301[0m
[0mPOST /auth/login [32m200[0m 199.249 ms - 513[0m
[0mPOST /assignments [32m201[0m 146.132 ms - 352[0m
[0mPOST /slots [32m201[0m 283.857 ms - 587[0m
[90mstderr[2m | tests/error-handling.test.mjs[2m > [22m[2mError Handling - Inversi├│n de Control[2m > [22m[2mServicios - Errores de Negocio[2m > [22m[2mPATCH /slots/:id/solicitar sin reservar devuelve 403
[22m[39mError: Debes reservar el turno antes de entregar

[0mPOST /submissions/6923bc164f56f824058c478f [33m403[0m 138.798 ms - 55[0m
[90mstderr[2m | tests/error-handling.test.mjs[2m > [22m[2mError Handling - Inversi├│n de Control[2m > [22m[2mServicios - Errores de Negocio[2m > [22m[2mPATCH /slots/:id/solicitar turno ya reservado devuelve 403
[22m[39m[Seed] Usuarios base ya existentes, se omite insercion duplicada.

[0mPOST /auth/login [32m200[0m 203.906 ms - 486[0m
[0mPOST /auth/register [32m201[0m 265.026 ms - 315[0m
[0mPATCH /auth/aprobar/6923bc174f56f824058c479c [32m200[0m 193.231 ms - 304[0m
[0mPOST /auth/login [32m200[0m 190.614 ms - 519[0m
[0mPOST /auth/register [32m201[0m 266.970 ms - 317[0m
[0mPATCH /auth/aprobar/6923bc184f56f824058c47a3 [32m200[0m 199.253 ms - 306[0m
[0mPOST /auth/login [32m200[0m 208.588 ms - 521[0m
[0mPOST /auth/register [32m201[0m 277.669 ms - 311[0m
[0mPATCH /auth/aprobar/6923bc194f56f824058c47aa [32m200[0m 213.930 ms - 300[0m
[0mPOST /auth/login [32m200[0m 204.361 ms - 512[0m
[0mPOST /auth/register [32m201[0m 275.942 ms - 313[0m
[0mPATCH /auth/aprobar/6923bc194f56f824058c47b1 [32m200[0m 227.760 ms - 302[0m
[0mPOST /auth/login [32m200[0m 204.125 ms - 514[0m
[0mPOST /assignments [32m201[0m 132.863 ms - 353[0m
[0mPOST /slots [32m201[0m 277.620 ms - 588[0m
[0mPATCH /slots/6923bc1a4f56f824058c47bb/solicitar [32m200[0m 272.752 ms - 631[0m
[90mstderr[2m | tests/error-handling.test.mjs[2m > [22m[2mError Handling - Inversi├│n de Control[2m > [22m[2mServicios - Errores de Negocio[2m > [22m[2mPATCH /slots/:id/solicitar turno ya reservado devuelve 403
[22m[39mError: Turno ya reservado

[0mPATCH /slots/6923bc1a4f56f824058c47bb/solicitar [33m403[0m 202.749 ms - 32[0m
[90mstderr[2m | tests/error-handling.test.mjs[2m > [22m[2mError Handling - Inversi├│n de Control[2m > [22m[2mServicios - Errores de Negocio[2m > [22m[2mPUT /submissions/:id de entrega aprobada devuelve 409
[22m[39m[Seed] Usuarios base ya existentes, se omite insercion duplicada.

[0mPOST /auth/login [32m200[0m 203.895 ms - 486[0m
[0mPOST /auth/register [32m201[0m 266.769 ms - 315[0m
[0mPATCH /auth/aprobar/6923bc1c4f56f824058c47ce [32m200[0m 200.604 ms - 304[0m
[0mPOST /auth/login [32m200[0m 189.231 ms - 519[0m
[0mPOST /auth/register [32m201[0m 269.013 ms - 317[0m
[0mPATCH /auth/aprobar/6923bc1c4f56f824058c47d5 [32m200[0m 207.189 ms - 306[0m
[0mPOST /auth/login [32m200[0m 200.405 ms - 521[0m
[0mPOST /auth/register [32m201[0m 251.217 ms - 311[0m
[0mPATCH /auth/aprobar/6923bc1d4f56f824058c47dc [32m200[0m 193.615 ms - 300[0m
[0mPOST /auth/login [32m200[0m 199.711 ms - 512[0m
[0mPOST /auth/register [32m201[0m 264.159 ms - 313[0m
[0mPATCH /auth/aprobar/6923bc1e4f56f824058c47e3 [32m200[0m 192.989 ms - 302[0m
[0mPOST /auth/login [32m200[0m 208.061 ms - 514[0m
[0mPOST /assignments [32m201[0m 142.424 ms - 353[0m
[0mPOST /slots [32m201[0m 272.167 ms - 588[0m
[0mPATCH /slots/6923bc1e4f56f824058c47ed/solicitar [32m200[0m 262.878 ms - 631[0m
[0mPOST /submissions/6923bc1e4f56f824058c47ed [32m201[0m 279.867 ms - 274[0m
[0mPUT /submissions/6923bc1f4f56f824058c47f8 [32m200[0m 348.619 ms - 280[0m
[90mstderr[2m | tests/error-handling.test.mjs[2m > [22m[2mError Handling - Inversi├│n de Control[2m > [22m[2mServicios - Errores de Negocio[2m > [22m[2mPUT /submissions/:id de entrega aprobada devuelve 409
[22m[39mError: No se puede modificar una entrega ya evaluada (Aprobado).

[0mPUT /submissions/6923bc1f4f56f824058c47f8 [33m409[0m 133.413 ms - 71[0m
[90mstderr[2m | tests/error-handling.test.mjs[2m > [22m[2mError Handling - Inversi├│n de Control[2m > [22m[2mVerificaci├│n de Formato Unificado en Todos los Errores[2m > [22m[2mTodos los errores 4xx/5xx tienen solo {message, errores?}
[22m[39m[Seed] Usuarios base ya existentes, se omite insercion duplicada.

[0mPOST /auth/login [32m200[0m 187.811 ms - 486[0m
[0mPOST /auth/register [32m201[0m 269.517 ms - 315[0m
[0mPATCH /auth/aprobar/6923bc214f56f824058c4809 [32m200[0m 193.974 ms - 304[0m
[0mPOST /auth/login [32m200[0m 198.496 ms - 519[0m
[0mPOST /auth/register [32m201[0m 339.857 ms - 317[0m
[0mPATCH /auth/aprobar/6923bc214f56f824058c4810 [32m200[0m 200.872 ms - 306[0m
[0mPOST /auth/login [32m200[0m 255.131 ms - 521[0m
[0mPOST /auth/register [32m201[0m 323.055 ms - 311[0m
[0mPATCH /auth/aprobar/6923bc224f56f824058c4817 [32m200[0m 200.560 ms - 300[0m
[0mPOST /auth/login [32m200[0m 433.209 ms - 512[0m
[0mPOST /auth/register [32m201[0m 423.230 ms - 313[0m
[0mPATCH /auth/aprobar/6923bc234f56f824058c481e [32m200[0m 212.043 ms - 302[0m
[0mPOST /auth/login [32m200[0m 527.202 ms - 514[0m
[90mstderr[2m | tests/error-handling.test.mjs[2m > [22m[2mError Handling - Inversi├│n de Control[2m > [22m[2mVerificaci├│n de Formato Unificado en Todos los Errores[2m > [22m[2mTodos los errores 4xx/5xx tienen solo {message, errores?}
[22m[39mError: Token requerido

[0mGET /slots [33m401[0m 1.868 ms - 29[0m
[90mstderr[2m | tests/error-handling.test.mjs[2m > [22m[2mError Handling - Inversi├│n de Control[2m > [22m[2mVerificaci├│n de Formato Unificado en Todos los Errores[2m > [22m[2mTodos los errores 4xx/5xx tienen solo {message, errores?}
[22m[39mError: Acceso denegado

[0mPOST /assignments [33m403[0m 74.387 ms - 29[0m
[90mstderr[2m | tests/error-handling.test.mjs[2m > [22m[2mError Handling - Inversi├│n de Control[2m > [22m[2mVerificaci├│n de Formato Unificado en Todos los Errores[2m > [22m[2mTodos los errores 4xx/5xx tienen solo {message, errores?}
[22m[39mError: Error de validacion

[0mGET /assignments/invalid [33m400[0m 69.035 ms - 72[0m
[90mstderr[2m | tests/error-handling.test.mjs[2m > [22m[2mError Handling - Inversi├│n de Control[2m > [22m[2mVerificaci├│n de Formato Unificado en Todos los Errores[2m > [22m[2mTodos los errores 4xx/5xx tienen solo {message, errores?}
[22m[39mError: Error de validacion

[0mPOST /assignments [33m400[0m 74.029 ms - 275[0m
 [32mÔ£ô[39m tests/error-handling.test.mjs [2m([22m[2m27 tests[22m[2m)[22m[33m 110925[2mms[22m[39m
   [33m[2mÔ£ô[22m[39m Error Handling - Inversi├│n de Control[2m > [22mMiddlewares de Autenticaci├│n (401)[2m > [22mGET /slots sin token devuelve 401 con formato unificado [33m 4512[2mms[22m[39m
   [33m[2mÔ£ô[22m[39m Error Handling - Inversi├│n de Control[2m > [22mMiddlewares de Autenticaci├│n (401)[2m > [22mPOST /assignments sin token devuelve 401 [33m 5122[2mms[22m[39m
   [33m[2mÔ£ô[22m[39m Error Handling - Inversi├│n de Control[2m > [22mMiddlewares de Autenticaci├│n (401)[2m > [22mPATCH /auth/aprobar/:id sin token devuelve 401 [33m 4333[2mms[22m[39m
   [33m[2mÔ£ô[22m[39m Error Handling - Inversi├│n de Control[2m > [22mMiddlewares de Autenticaci├│n (401)[2m > [22mToken inv├ílido devuelve 401 con mensaje apropiado [33m 3487[2mms[22m[39m
   [33m[2mÔ£ô[22m[39m Error Handling - Inversi├│n de Control[2m > [22mMiddlewares de Autorizaci├│n (403)[2m > [22mAlumno intentando crear asignaci├│n recibe 403 [33m 3600[2mms[22m[39m
   [33m[2mÔ£ô[22m[39m Error Handling - Inversi├│n de Control[2m > [22mMiddlewares de Autorizaci├│n (403)[2m > [22mAlumno intentando listar usuarios recibe 403 [33m 4001[2mms[22m[39m
   [33m[2mÔ£ô[22m[39m Error Handling - Inversi├│n de Control[2m > [22mMiddlewares de Autorizaci├│n (403)[2m > [22mAlumno intentando crear slot recibe 403 [33m 3577[2mms[22m[39m
   [33m[2mÔ£ô[22m[39m Error Handling - Inversi├│n de Control[2m > [22mMiddlewares de Autorizaci├│n (403)[2m > [22mProfesor intentando aprobar usuario recibe 404 (ID v├ílido inexistente) [33m 3609[2mms[22m[39m
   [33m[2mÔ£ô[22m[39m Error Handling - Inversi├│n de Control[2m > [22mMiddleware requireApproved (403)[2m > [22mAlumno no aprobado no puede solicitar turno [33m 4524[2mms[22m[39m
   [33m[2mÔ£ô[22m[39m Error Handling - Inversi├│n de Control[2m > [22mMiddleware de Validaci├│n (400)[2m > [22mPOST /assignments con dueDate inv├ílido devuelve 400 con errores array [33m 3586[2mms[22m[39m
   [33m[2mÔ£ô[22m[39m Error Handling - Inversi├│n de Control[2m > [22mMiddleware de Validaci├│n (400)[2m > [22mPOST /assignments sin campos requeridos devuelve 400 [33m 3563[2mms[22m[39m
   [33m[2mÔ£ô[22m[39m Error Handling - Inversi├│n de Control[2m > [22mMiddleware de Validaci├│n (400)[2m > [22mPATCH /slots/:id/estado con estado inv├ílido devuelve 400 [33m 4501[2mms[22m[39m
   [33m[2mÔ£ô[22m[39m Error Handling - Inversi├│n de Control[2m > [22mMiddleware de Validaci├│n (400)[2m > [22mPOST /auth/register sin password devuelve 400 [33m 3500[2mms[22m[39m
   [33m[2mÔ£ô[22m[39m Error Handling - Inversi├│n de Control[2m > [22mServicios - Errores 404 (ID Inv├ílido/No Existe)[2m > [22mGET /assignments/:id con ID inv├ílido devuelve 400 (validaci├│n de par├ímetro) [33m 3694[2mms[22m[39m
   [33m[2mÔ£ô[22m[39m Error Handling - Inversi├│n de Control[2m > [22mServicios - Errores 404 (ID Inv├ílido/No Existe)[2m > [22mGET /assignments/:id con ID v├ílido pero inexistente devuelve 404 [33m 4555[2mms[22m[39m
   [33m[2mÔ£ô[22m[39m Error Handling - Inversi├│n de Control[2m > [22mServicios - Errores 404 (ID Inv├ílido/No Existe)[2m > [22mGET /slots/:id con ID inv├ílido devuelve 400/404 [33m 3670[2mms[22m[39m
   [33m[2mÔ£ô[22m[39m Error Handling - Inversi├│n de Control[2m > [22mServicios - Errores 404 (ID Inv├ílido/No Existe)[2m > [22mGET /slots/:id con ID v├ílido pero inexistente devuelve 404 [33m 4027[2mms[22m[39m
   [33m[2mÔ£ô[22m[39m Error Handling - Inversi├│n de Control[2m > [22mServicios - Errores 404 (ID Inv├ílido/No Existe)[2m > [22mPUT /assignments/:id con ID inv├ílido devuelve 400 (validaci├│n) [33m 3630[2mms[22m[39m
   [33m[2mÔ£ô[22m[39m Error Handling - Inversi├│n de Control[2m > [22mServicios - Errores 404 (ID Inv├ílido/No Existe)[2m > [22mDELETE /assignments/:id con ID inv├ílido devuelve 400 (validaci├│n) [33m 3661[2mms[22m[39m
   [33m[2mÔ£ô[22m[39m Error Handling - Inversi├│n de Control[2m > [22mServicios - Errores 404 (ID Inv├ílido/No Existe)[2m > [22mPATCH /auth/aprobar/:id con ID inv├ílido devuelve 404 [33m 3662[2mms[22m[39m
   [33m[2mÔ£ô[22m[39m Error Handling - Inversi├│n de Control[2m > [22mServicios - Errores 404 (ID Inv├ílido/No Existe)[2m > [22mPATCH /auth/aprobar/:id con ID v├ílido pero inexistente devuelve 404 [33m 3683[2mms[22m[39m
   [33m[2mÔ£ô[22m[39m Error Handling - Inversi├│n de Control[2m > [22mServicios - Errores de Negocio[2m > [22mPOST /auth/login con credenciales incorrectas devuelve 401 [33m 3739[2mms[22m[39m
   [33m[2mÔ£ô[22m[39m Error Handling - Inversi├│n de Control[2m > [22mServicios - Errores de Negocio[2m > [22mPOST /auth/register con email duplicado devuelve 409 [33m 3594[2mms[22m[39m
   [33m[2mÔ£ô[22m[39m Error Handling - Inversi├│n de Control[2m > [22mServicios - Errores de Negocio[2m > [22mPATCH /slots/:id/solicitar sin reservar devuelve 403 [33m 4460[2mms[22m[39m
   [33m[2mÔ£ô[22m[39m Error Handling - Inversi├│n de Control[2m > [22mServicios - Errores de Negocio[2m > [22mPATCH /slots/:id/solicitar turno ya reservado devuelve 403 [33m 4576[2mms[22m[39m
   [33m[2mÔ£ô[22m[39m Error Handling - Inversi├│n de Control[2m > [22mServicios - Errores de Negocio[2m > [22mPUT /submissions/:id de entrega aprobada devuelve 409 [33m 5047[2mms[22m[39m
   [33m[2mÔ£ô[22m[39m Error Handling - Inversi├│n de Control[2m > [22mVerificaci├│n de Formato Unificado en Todos los Errores[2m > [22mTodos los errores 4xx/5xx tienen solo {message, errores?} [33m 4815[2mms[22m[39m
[90mstdout[2m | tests/auth.test.mjs
[22m[39m[dotenv@17.2.2] injecting env (3) from .env -- tip: ­ƒöÉ encrypt with Dotenvx: https://dotenvx.com

[90mstdout[2m | tests/auth.test.mjs
[22m[39m[dotenv@17.2.2] injecting env (0) from .env -- tip: ­ƒôí version env with Radar: https://dotenvx.com/radar

[90mstdout[2m | tests/auth.test.mjs
[22m[39m[dotenv@17.2.2] injecting env (0) from .env -- tip: ­ƒöÉ prevent building .env in docker: https://dotenvx.com/prebuild

[90mstdout[2m | tests/auth.test.mjs
[22m[39mConectado a MongoDB

[90mstderr[2m | tests/auth.test.mjs[2m > [22m[2mAuth[2m > [22m[2mCredenciales del seed permiten login y conservan datos de modulo
[22m[39m[Seed] Usuarios base ya existentes, se omite insercion duplicada.

[0mPOST /auth/login [32m200[0m 292.854 ms - 486[0m
[90mstdout[2m | tests/auth.test.mjs[2m > [22m[2mAuth[2m > [22m[2mCredenciales del seed permiten login y conservan datos de modulo
[22m[39m
­ƒº╣ Limpiando todas las colecciones...

[90mstdout[2m | tests/auth.test.mjs[2m > [22m[2mAuth[2m > [22m[2mCredenciales del seed permiten login y conservan datos de modulo
[22m[39mÔ£à Base de datos limpiada:
   - Usuarios: 0
   - Asignaciones: 0
   - Turnos: 0
   - Entregas: 0


[0mPOST /auth/login [32m200[0m 972.163 ms - 486[0m
[0mPOST /auth/login [32m200[0m 945.356 ms - 502[0m
[0mPOST /auth/login [32m200[0m 1403.060 ms - 508[0m
[0mPOST /auth/login [32m200[0m 1400.656 ms - 511[0m
[0mPOST /auth/login [32m200[0m 1401.424 ms - 502[0m
[0mPOST /auth/login [32m200[0m 1375.251 ms - 500[0m
[0mPOST /auth/login [32m200[0m 1374.653 ms - 508[0m
[0mPOST /auth/login [32m200[0m 1379.587 ms - 504[0m
[0mPOST /auth/login [32m200[0m 1489.157 ms - 506[0m
[0mPOST /auth/login [32m200[0m 1474.260 ms - 504[0m
[0mPOST /auth/login [32m200[0m 1958.536 ms - 500[0m
[0mPOST /auth/login [32m200[0m 1988.696 ms - 502[0m
[0mPOST /auth/login [32m200[0m 1176.147 ms - 504[0m
[0mPOST /auth/login [32m200[0m 1143.365 ms - 502[0m
[0mPOST /auth/login [32m200[0m 1442.365 ms - 502[0m
[0mPOST /auth/login [32m200[0m 1439.960 ms - 508[0m
[0mPOST /auth/login [32m200[0m 1440.059 ms - 506[0m
[0mPOST /auth/login [32m200[0m 1440.627 ms - 504[0m
[0mPOST /auth/login [32m200[0m 1439.208 ms - 502[0m
[0mPOST /auth/login [32m200[0m 1423.398 ms - 502[0m
[0mPOST /auth/login [32m200[0m 1425.826 ms - 502[0m
[0mPOST /auth/login [32m200[0m 1426.272 ms - 506[0m
[0mPOST /auth/login [32m200[0m 1979.873 ms - 504[0m
[0mPOST /auth/login [32m200[0m 1979.349 ms - 500[0m
[0mPOST /auth/login [32m200[0m 1159.953 ms - 506[0m
[0mPOST /auth/login [32m200[0m 1112.658 ms - 501[0m
[0mPOST /auth/login [32m200[0m 1452.736 ms - 515[0m
[0mPOST /auth/login [32m200[0m 1448.005 ms - 507[0m
[0mPOST /auth/login [32m200[0m 1458.744 ms - 505[0m
[0mPOST /auth/login [32m200[0m 1456.628 ms - 505[0m
[0mPOST /auth/login [32m200[0m 1456.780 ms - 513[0m
[0mPOST /auth/login [32m200[0m 1458.150 ms - 503[0m
[0mPOST /auth/login [32m200[0m 1457.820 ms - 507[0m
[0mPOST /auth/login [32m200[0m 1441.622 ms - 503[0m
[0mPOST /auth/login [32m200[0m 1933.789 ms - 509[0m
[0mPOST /auth/login [32m200[0m 1970.430 ms - 511[0m
[0mPOST /auth/login [32m200[0m 1409.952 ms - 511[0m
[0mPOST /auth/login [32m200[0m 1409.774 ms - 511[0m
[0mPOST /auth/login [32m200[0m 1412.796 ms - 505[0m
[0mPOST /auth/login [32m200[0m 1409.274 ms - 507[0m
[0mPOST /auth/login [32m200[0m 1408.908 ms - 507[0m
[0mPOST /auth/login [32m200[0m 1412.218 ms - 501[0m
[0mPOST /auth/login [32m200[0m 1411.296 ms - 507[0m
[0mPOST /auth/login [32m200[0m 1409.381 ms - 509[0m
[0mPOST /auth/login [32m200[0m 1415.803 ms - 501[0m
[0mPOST /auth/login [32m200[0m 1467.109 ms - 503[0m
[0mPOST /auth/login [32m200[0m 2004.603 ms - 510[0m
[0mPOST /auth/login [32m200[0m 2045.556 ms - 506[0m
[0mPOST /auth/login [32m200[0m 1331.616 ms - 504[0m
[0mPOST /auth/login [32m200[0m 1652.578 ms - 510[0m
[0mPOST /auth/login [32m200[0m 1655.774 ms - 510[0m
[0mPOST /auth/login [32m200[0m 1657.765 ms - 512[0m
[0mPOST /auth/login [32m200[0m 1661.302 ms - 510[0m
[0mPOST /auth/login [32m200[0m 1662.116 ms - 506[0m
[0mPOST /auth/login [32m200[0m 1664.542 ms - 506[0m
[0mPOST /auth/login [32m200[0m 1656.987 ms - 506[0m
[0mPOST /auth/login [32m200[0m 1648.805 ms - 506[0m
[0mPOST /auth/login [32m200[0m 1658.675 ms - 508[0m
[0mPOST /auth/login [32m200[0m 1655.601 ms - 508[0m
[0mPOST /auth/login [32m200[0m 1653.475 ms - 508[0m
[0mPOST /auth/login [32m200[0m 1325.798 ms - 506[0m
[0mPOST /auth/login [32m200[0m 1643.729 ms - 502[0m
[0mPOST /auth/login [32m200[0m 1644.017 ms - 510[0m
[0mPOST /auth/login [32m200[0m 1643.682 ms - 508[0m
[0mPOST /auth/login [32m200[0m 1642.955 ms - 510[0m
[0mPOST /auth/login [32m200[0m 1638.786 ms - 512[0m
[0mPOST /auth/login [32m200[0m 1645.860 ms - 510[0m
[0mPOST /auth/login [32m200[0m 1641.676 ms - 508[0m
[0mPOST /auth/login [32m200[0m 1635.112 ms - 508[0m
[0mPOST /auth/login [32m200[0m 1628.310 ms - 508[0m
[0mPOST /auth/login [32m200[0m 1636.222 ms - 514[0m
[0mPOST /auth/login [32m200[0m 1630.830 ms - 506[0m
[0mPOST /auth/login [32m200[0m 1322.299 ms - 514[0m
[0mPOST /auth/login [32m200[0m 1666.816 ms - 510[0m
[0mPOST /auth/login [32m200[0m 1664.992 ms - 512[0m
[0mPOST /auth/login [32m200[0m 1661.201 ms - 508[0m
[0mPOST /auth/login [32m200[0m 1668.595 ms - 510[0m
[0mPOST /auth/login [32m200[0m 1661.091 ms - 508[0m
[0mPOST /auth/login [32m200[0m 1669.217 ms - 504[0m
[0mPOST /auth/login [32m200[0m 1666.701 ms - 512[0m
[0mPOST /auth/login [32m200[0m 1667.302 ms - 514[0m
[0mPOST /auth/login [32m200[0m 1665.720 ms - 512[0m
[0mPOST /auth/login [32m200[0m 1665.868 ms - 520[0m
[0mPOST /auth/login [32m200[0m 1667.703 ms - 506[0m
[0mPOST /auth/login [32m200[0m 502.032 ms - 510[0m
[0mPOST /auth/login [32m200[0m 578.577 ms - 512[0m
[0mPOST /auth/login [32m200[0m 578.806 ms - 504[0m
[0mPOST /auth/login [32m200[0m 580.586 ms - 514[0m
[0mGET /usuarios [32m200[0m 232.431 ms - 22684[0m
[90mstderr[2m | tests/auth.test.mjs[2m > [22m[2mAuth[2m > [22m[2mRegistro de alumno valido deja pendiente la aprobacion
[22m[39m[Seed] Usuarios base ya existentes, se omite insercion duplicada.

[0mPOST /auth/login [32m200[0m 193.430 ms - 486[0m
[0mPOST /auth/register [32m201[0m 306.260 ms - 307[0m
[90mstderr[2m | tests/auth.test.mjs[2m > [22m[2mAuth[2m > [22m[2mRegistro duplicado responde error de email ya registrado
[22m[39m[Seed] Usuarios base ya existentes, se omite insercion duplicada.

[0mPOST /auth/login [32m200[0m 193.098 ms - 486[0m
[0mPOST /auth/register [32m201[0m 274.799 ms - 300[0m
[90mstderr[2m | tests/auth.test.mjs[2m > [22m[2mAuth[2m > [22m[2mRegistro duplicado responde error de email ya registrado
[22m[39mError: Email ya registrado

[0mPOST /auth/register [33m409[0m 71.455 ms - 33[0m
[90mstderr[2m | tests/auth.test.mjs[2m > [22m[2mAuth[2m > [22m[2mLogin exitoso no expone passwordHash
[22m[39m[Seed] Usuarios base ya existentes, se omite insercion duplicada.

[0mPOST /auth/login [32m200[0m 192.981 ms - 486[0m
[0mPOST /auth/register [32m201[0m 264.264 ms - 297[0m
[0mPOST /auth/login [32m200[0m 195.828 ms - 500[0m
[90mstderr[2m | tests/auth.test.mjs[2m > [22m[2mAuth[2m > [22m[2mLogin con contrasena incorrecta devuelve error
[22m[39m[Seed] Usuarios base ya existentes, se omite insercion duplicada.

[0mPOST /auth/login [32m200[0m 195.326 ms - 486[0m
[0mPOST /auth/register [32m201[0m 279.950 ms - 296[0m
[90mstderr[2m | tests/auth.test.mjs[2m > [22m[2mAuth[2m > [22m[2mLogin con contrasena incorrecta devuelve error
[22m[39mError: Credenciales incorrectas

[0mPOST /auth/login [33m401[0m 193.382 ms - 38[0m
[90mstderr[2m | tests/auth.test.mjs[2m > [22m[2mAuth[2m > [22m[2mSuperadmin aprueba profesor y queda visible en el listado
[22m[39m[Seed] Usuarios base ya existentes, se omite insercion duplicada.

[0mPOST /auth/login [32m200[0m 198.913 ms - 486[0m
[0mPOST /auth/register [32m201[0m 263.386 ms - 317[0m
[0mPOST /auth/login [32m200[0m 194.375 ms - 523[0m
[0mPATCH /auth/aprobar/6923bc4cf60c3cee0ea83145 [32m200[0m 209.993 ms - 306[0m
[0mGET /usuarios [32m200[0m 230.057 ms - 23971[0m
[90mstderr[2m | tests/auth.test.mjs[2m > [22m[2mAuth[2m > [22m[2mAlumno no autorizado recibe 403 al listar usuarios
[22m[39m[Seed] Usuarios base ya existentes, se omite insercion duplicada.

[0mPOST /auth/login [32m200[0m 199.558 ms - 486[0m
[0mPOST /auth/register [32m201[0m 248.992 ms - 311[0m
[0mPATCH /auth/aprobar/6923bc4ef60c3cee0ea83154 [32m200[0m 188.169 ms - 300[0m
[0mPOST /auth/login [32m200[0m 200.240 ms - 512[0m
[90mstderr[2m | tests/auth.test.mjs[2m > [22m[2mAuth[2m > [22m[2mAlumno no autorizado recibe 403 al listar usuarios
[22m[39mError: Acceso denegado

[0mGET /usuarios [33m403[0m 62.720 ms - 29[0m
 [32mÔ£ô[39m tests/auth.test.mjs [2m([22m[2m7 tests[22m[2m)[22m[33m 38793[2mms[22m[39m
   [33m[2mÔ£ô[22m[39m Auth[2m > [22mCredenciales del seed permiten login y conservan datos de modulo [33m 29063[2mms[22m[39m
   [33m[2mÔ£ô[22m[39m Auth[2m > [22mRegistro de alumno valido deja pendiente la aprobacion [33m 1139[2mms[22m[39m
   [33m[2mÔ£ô[22m[39m Auth[2m > [22mRegistro duplicado responde error de email ya registrado [33m 1149[2mms[22m[39m
   [33m[2mÔ£ô[22m[39m Auth[2m > [22mLogin exitoso no expone passwordHash [33m 1293[2mms[22m[39m
   [33m[2mÔ£ô[22m[39m Auth[2m > [22mLogin con contrasena incorrecta devuelve error [33m 1282[2mms[22m[39m
   [33m[2mÔ£ô[22m[39m Auth[2m > [22mSuperadmin aprueba profesor y queda visible en el listado [33m 1729[2mms[22m[39m
   [33m[2mÔ£ô[22m[39m Auth[2m > [22mAlumno no autorizado recibe 403 al listar usuarios [33m 1567[2mms[22m[39m
[90mstdout[2m | tests/assignment.test.mjs
[22m[39m[dotenv@17.2.2] injecting env (3) from .env -- tip: ­ƒöÉ encrypt with Dotenvx: https://dotenvx.com

[90mstdout[2m | tests/assignment.test.mjs
[22m[39m[dotenv@17.2.2] injecting env (0) from .env -- tip: ­ƒøá´©Å  run anywhere with `dotenvx run -- yourcommand`

[90mstdout[2m | tests/assignment.test.mjs
[22m[39m[dotenv@17.2.2] injecting env (0) from .env -- tip: ­ƒôí observe env with Radar: https://dotenvx.com/radar

[90mstdout[2m | tests/assignment.test.mjs
[22m[39mConectado a MongoDB

[90mstderr[2m | tests/assignment.test.mjs[2m > [22m[2mAssignments[2m > [22m[2mAlumno no puede crear una asignacion
[22m[39m[Seed] Usuarios base ya existentes, se omite insercion duplicada.

[0mPOST /auth/login [32m200[0m 301.413 ms - 486[0m
[0mPOST /auth/register [32m201[0m 311.735 ms - 313[0m
[0mPATCH /auth/aprobar/6923bc54d742e88f4c8698f5 [32m200[0m 227.582 ms - 302[0m
[0mPOST /auth/login [32m200[0m 198.407 ms - 517[0m
[0mPOST /auth/register [32m201[0m 268.918 ms - 315[0m
[0mPATCH /auth/aprobar/6923bc55d742e88f4c8698fc [32m200[0m 204.112 ms - 304[0m
[0mPOST /auth/login [32m200[0m 203.936 ms - 519[0m
[0mPOST /auth/register [32m201[0m 273.785 ms - 309[0m
[0mPATCH /auth/aprobar/6923bc56d742e88f4c869903 [32m200[0m 201.232 ms - 298[0m
[0mPOST /auth/login [32m200[0m 232.526 ms - 510[0m
[0mPOST /auth/register [32m201[0m 321.101 ms - 311[0m
[0mPATCH /auth/aprobar/6923bc57d742e88f4c86990a [32m200[0m 204.060 ms - 300[0m
[0mPOST /auth/login [32m200[0m 203.376 ms - 512[0m
[90mstderr[2m | tests/assignment.test.mjs[2m > [22m[2mAssignments[2m > [22m[2mAlumno no puede crear una asignacion
[22m[39mError: Acceso denegado

[0mPOST /assignments [33m403[0m 73.598 ms - 29[0m
[90mstderr[2m | tests/assignment.test.mjs[2m > [22m[2mAssignments[2m > [22m[2mAsignacion con dueDate invalido devuelve 400
[22m[39m[Seed] Usuarios base ya existentes, se omite insercion duplicada.

[0mPOST /auth/login [32m200[0m 196.210 ms - 486[0m
[0mPOST /auth/register [32m201[0m 269.197 ms - 313[0m
[0mPATCH /auth/aprobar/6923bc58d742e88f4c869918 [32m200[0m 196.033 ms - 302[0m
[0mPOST /auth/login [32m200[0m 196.358 ms - 517[0m
[0mPOST /auth/register [32m201[0m 270.473 ms - 315[0m
[0mPATCH /auth/aprobar/6923bc59d742e88f4c86991f [32m200[0m 199.590 ms - 304[0m
[0mPOST /auth/login [32m200[0m 200.789 ms - 519[0m
[0mPOST /auth/register [32m201[0m 264.489 ms - 309[0m
[0mPATCH /auth/aprobar/6923bc5ad742e88f4c869926 [32m200[0m 210.993 ms - 298[0m
[0mPOST /auth/login [32m200[0m 203.999 ms - 510[0m
[0mPOST /auth/register [32m201[0m 274.105 ms - 311[0m
[0mPATCH /auth/aprobar/6923bc5ad742e88f4c86992d [32m200[0m 214.759 ms - 300[0m
[0mPOST /auth/login [32m200[0m 235.288 ms - 512[0m
[90mstderr[2m | tests/assignment.test.mjs[2m > [22m[2mAssignments[2m > [22m[2mAsignacion con dueDate invalido devuelve 400
[22m[39mError: Error de validacion

[0mPOST /assignments [33m400[0m 75.254 ms - 95[0m
[90mstderr[2m | tests/assignment.test.mjs[2m > [22m[2mAssignments[2m > [22m[2mAsignacion valida conserva ownership del profesor creador
[22m[39m[Seed] Usuarios base ya existentes, se omite insercion duplicada.

[0mPOST /auth/login [32m200[0m 203.980 ms - 486[0m
[0mPOST /auth/register [32m201[0m 263.031 ms - 313[0m
[0mPATCH /auth/aprobar/6923bc5cd742e88f4c86993b [32m200[0m 200.239 ms - 302[0m
[0mPOST /auth/login [32m200[0m 197.388 ms - 517[0m
[0mPOST /auth/register [32m201[0m 264.082 ms - 315[0m
[0mPATCH /auth/aprobar/6923bc5dd742e88f4c869942 [32m200[0m 206.606 ms - 304[0m
[0mPOST /auth/login [32m200[0m 233.507 ms - 519[0m
[0mPOST /auth/register [32m201[0m 350.899 ms - 310[0m
[0mPATCH /auth/aprobar/6923bc5dd742e88f4c869949 [32m200[0m 209.691 ms - 299[0m
[0mPOST /auth/login [32m200[0m 243.189 ms - 511[0m
[0mPOST /auth/register [32m201[0m 311.675 ms - 312[0m
[0mPATCH /auth/aprobar/6923bc5ed742e88f4c869950 [32m200[0m 205.528 ms - 301[0m
[0mPOST /auth/login [32m200[0m 372.205 ms - 513[0m
[0mPOST /assignments [32m201[0m 160.288 ms - 352[0m
[90mstderr[2m | tests/assignment.test.mjs[2m > [22m[2mAssignments[2m > [22m[2mProfesor ajeno no puede actualizar asignacion de otro profesor
[22m[39m[Seed] Usuarios base ya existentes, se omite insercion duplicada.

[0mPOST /auth/login [32m200[0m 202.406 ms - 486[0m
[0mPOST /auth/register [32m201[0m 272.191 ms - 314[0m
[0mPATCH /auth/aprobar/6923bc61d742e88f4c869960 [32m200[0m 200.684 ms - 303[0m
[0mPOST /auth/login [32m200[0m 198.941 ms - 518[0m
[0mPOST /auth/register [32m201[0m 275.478 ms - 316[0m
[0mPATCH /auth/aprobar/6923bc61d742e88f4c869967 [32m200[0m 201.055 ms - 305[0m
[0mPOST /auth/login [32m200[0m 200.837 ms - 520[0m
[0mPOST /auth/register [32m201[0m 270.269 ms - 310[0m
[0mPATCH /auth/aprobar/6923bc62d742e88f4c86996e [32m200[0m 195.962 ms - 299[0m
[0mPOST /auth/login [32m200[0m 196.641 ms - 511[0m
[0mPOST /auth/register [32m201[0m 279.543 ms - 312[0m
[0mPATCH /auth/aprobar/6923bc63d742e88f4c869975 [32m200[0m 201.800 ms - 301[0m
[0mPOST /auth/login [32m200[0m 201.817 ms - 513[0m
[0mPOST /assignments [32m201[0m 144.960 ms - 352[0m
[90mstderr[2m | tests/assignment.test.mjs[2m > [22m[2mAssignments[2m > [22m[2mProfesor ajeno no puede actualizar asignacion de otro profesor
[22m[39mError: No autorizado a modificar esta asignaci├│n

[0mPUT /assignments/6923bc63d742e88f4c86997c [33m403[0m 130.407 ms - 56[0m
[90mstderr[2m | tests/assignment.test.mjs[2m > [22m[2mAssignments[2m > [22m[2mSuperadmin puede actualizar asignacion ajena
[22m[39m[Seed] Usuarios base ya existentes, se omite insercion duplicada.

[0mPOST /auth/login [32m200[0m 206.834 ms - 486[0m
[0mPOST /auth/register [32m201[0m 258.713 ms - 314[0m
[0mPATCH /auth/aprobar/6923bc65d742e88f4c869987 [32m200[0m 233.735 ms - 303[0m
[0mPOST /auth/login [32m200[0m 199.802 ms - 518[0m
[0mPOST /auth/register [32m201[0m 265.298 ms - 316[0m
[0mPATCH /auth/aprobar/6923bc65d742e88f4c86998e [32m200[0m 206.194 ms - 305[0m
[0mPOST /auth/login [32m200[0m 197.769 ms - 520[0m
[0mPOST /auth/register [32m201[0m 264.011 ms - 310[0m
[0mPATCH /auth/aprobar/6923bc66d742e88f4c869995 [32m200[0m 201.157 ms - 299[0m
[0mPOST /auth/login [32m200[0m 215.472 ms - 511[0m
[0mPOST /auth/register [32m201[0m 264.944 ms - 312[0m
[0mPATCH /auth/aprobar/6923bc67d742e88f4c86999c [32m200[0m 196.537 ms - 301[0m
[0mPOST /auth/login [32m200[0m 235.506 ms - 513[0m
[0mPOST /assignments [32m201[0m 141.882 ms - 352[0m
[0mPUT /assignments/6923bc67d742e88f4c8699a3 [32m200[0m 205.189 ms - 342[0m
[90mstderr[2m | tests/assignment.test.mjs[2m > [22m[2mAssignments[2m > [22m[2mProfesor ajeno no puede eliminar asignacion y la misma sigue disponible
[22m[39m[Seed] Usuarios base ya existentes, se omite insercion duplicada.

[0mPOST /auth/login [32m200[0m 415.337 ms - 486[0m
[0mPOST /auth/register [32m201[0m 285.873 ms - 314[0m
[0mPATCH /auth/aprobar/6923bc69d742e88f4c8699af [32m200[0m 193.587 ms - 303[0m
[0mPOST /auth/login [32m200[0m 202.957 ms - 518[0m
[0mPOST /auth/register [32m201[0m 265.605 ms - 316[0m
[0mPATCH /auth/aprobar/6923bc6ad742e88f4c8699b6 [32m200[0m 200.410 ms - 305[0m
[0mPOST /auth/login [32m200[0m 201.322 ms - 520[0m
[0mPOST /auth/register [32m201[0m 276.422 ms - 310[0m
[0mPATCH /auth/aprobar/6923bc6bd742e88f4c8699bd [32m200[0m 191.212 ms - 299[0m
[0mPOST /auth/login [32m200[0m 195.965 ms - 511[0m
[0mPOST /auth/register [32m201[0m 314.604 ms - 312[0m
[0mPATCH /auth/aprobar/6923bc6bd742e88f4c8699c4 [32m200[0m 193.448 ms - 301[0m
[0mPOST /auth/login [32m200[0m 201.257 ms - 513[0m
[0mPOST /assignments [32m201[0m 139.788 ms - 352[0m
[0mDELETE /assignments/6923bc6cd742e88f4c8699cb [33m403[0m 127.487 ms - 55[0m
[90mstderr[2m | tests/assignment.test.mjs[2m > [22m[2mAssignments[2m > [22m[2mProfesor ajeno no puede eliminar asignacion y la misma sigue disponible
[22m[39mError: No autorizado a eliminar esta asignaci├│n

[0mGET /assignments/6923bc6cd742e88f4c8699cb [32m200[0m 136.581 ms - 352[0m
[90mstderr[2m | tests/assignment.test.mjs[2m > [22m[2mAssignments[2m > [22m[2mSuperadmin puede eliminar asignacion de terceros
[22m[39m[Seed] Usuarios base ya existentes, se omite insercion duplicada.

[0mPOST /auth/login [32m200[0m 200.703 ms - 486[0m
[0mPOST /auth/register [32m201[0m 260.525 ms - 314[0m
[0mPATCH /auth/aprobar/6923bc6dd742e88f4c8699d8 [32m200[0m 207.903 ms - 303[0m
[0mPOST /auth/login [32m200[0m 193.670 ms - 518[0m
[0mPOST /auth/register [32m201[0m 272.125 ms - 316[0m
[0mPATCH /auth/aprobar/6923bc6ed742e88f4c8699df [32m200[0m 203.338 ms - 305[0m
[0mPOST /auth/login [32m200[0m 190.496 ms - 520[0m
[0mPOST /auth/register [32m201[0m 278.648 ms - 310[0m
[0mPATCH /auth/aprobar/6923bc6fd742e88f4c8699e6 [32m200[0m 208.663 ms - 299[0m
[0mPOST /auth/login [32m200[0m 193.643 ms - 511[0m
[0mPOST /auth/register [32m201[0m 264.186 ms - 312[0m
[0mPATCH /auth/aprobar/6923bc6fd742e88f4c8699ed [32m200[0m 192.310 ms - 301[0m
[0mPOST /auth/login [32m200[0m 222.223 ms - 513[0m
[0mPOST /assignments [32m201[0m 143.921 ms - 352[0m
[0mDELETE /assignments/6923bc70d742e88f4c8699f4 [32m204[0m 203.039 ms - -[0m
[90mstderr[2m | tests/assignment.test.mjs[2m > [22m[2mAssignments[2m > [22m[2mSuperadmin puede eliminar asignacion de terceros
[22m[39mError: Asignaci├│n no encontrada

[0mGET /assignments/6923bc70d742e88f4c8699f4 [33m404[0m 127.099 ms - 39[0m
[90mstderr[2m | tests/assignment.test.mjs[2m > [22m[2mAssignments[2m > [22m[2mListado para profesor devuelve TODAS las asignaciones de su m├│dulo
[22m[39m[Seed] Usuarios base ya existentes, se omite insercion duplicada.

[0mPOST /auth/login [32m200[0m 204.684 ms - 486[0m
[0mPOST /auth/register [32m201[0m 270.081 ms - 314[0m
[0mPATCH /auth/aprobar/6923bc71d742e88f4c869a02 [32m200[0m 197.994 ms - 303[0m
[0mPOST /auth/login [32m200[0m 194.024 ms - 518[0m
[0mPOST /auth/register [32m201[0m 291.145 ms - 316[0m
[0mPATCH /auth/aprobar/6923bc72d742e88f4c869a09 [32m200[0m 198.283 ms - 305[0m
[0mPOST /auth/login [32m200[0m 201.464 ms - 520[0m
[0mPOST /auth/register [32m201[0m 262.318 ms - 310[0m
[0mPATCH /auth/aprobar/6923bc73d742e88f4c869a10 [32m200[0m 197.451 ms - 299[0m
[0mPOST /auth/login [32m200[0m 192.819 ms - 511[0m
[0mPOST /auth/register [32m201[0m 257.925 ms - 312[0m
[0mPATCH /auth/aprobar/6923bc73d742e88f4c869a17 [32m200[0m 199.582 ms - 301[0m
[0mPOST /auth/login [32m200[0m 203.736 ms - 513[0m
[0mPOST /assignments [32m201[0m 135.016 ms - 332[0m
[0mPOST /assignments [32m201[0m 134.600 ms - 332[0m
[0mPOST /assignments [32m201[0m 146.904 ms - 338[0m
[0mGET /assignments [32m200[0m 142.360 ms - 2069[0m
[90mstderr[2m | tests/assignment.test.mjs[2m > [22m[2mAssignments[2m > [22m[2mCampos extra se ignoran al crear una asignacion
[22m[39m[Seed] Usuarios base ya existentes, se omite insercion duplicada.

[0mPOST /auth/login [32m200[0m 191.241 ms - 486[0m
[0mPOST /auth/register [32m201[0m 255.553 ms - 314[0m
[0mPATCH /auth/aprobar/6923bc75d742e88f4c869a2f [32m200[0m 199.389 ms - 303[0m
[0mPOST /auth/login [32m200[0m 198.282 ms - 518[0m
[0mPOST /auth/register [32m201[0m 256.898 ms - 316[0m
[0mPATCH /auth/aprobar/6923bc76d742e88f4c869a36 [32m200[0m 202.365 ms - 305[0m
[0mPOST /auth/login [32m200[0m 213.473 ms - 520[0m
[0mPOST /auth/register [32m201[0m 262.101 ms - 310[0m
[0mPATCH /auth/aprobar/6923bc77d742e88f4c869a3d [32m200[0m 198.710 ms - 299[0m
[0mPOST /auth/login [32m200[0m 199.820 ms - 511[0m
[0mPOST /auth/register [32m201[0m 266.702 ms - 312[0m
[0mPATCH /auth/aprobar/6923bc77d742e88f4c869a44 [32m200[0m 192.663 ms - 301[0m
[0mPOST /auth/login [32m200[0m 198.802 ms - 513[0m
[0mPOST /assignments [32m201[0m 145.344 ms - 337[0m
 [32mÔ£ô[39m tests/assignment.test.mjs [2m([22m[2m9 tests[22m[2m)[22m[33m 38666[2mms[22m[39m
   [33m[2mÔ£ô[22m[39m Assignments[2m > [22mAlumno no puede crear una asignacion [33m 4127[2mms[22m[39m
   [33m[2mÔ£ô[22m[39m Assignments[2m > [22mAsignacion con dueDate invalido devuelve 400 [33m 3730[2mms[22m[39m
   [33m[2mÔ£ô[22m[39m Assignments[2m > [22mAsignacion valida conserva ownership del profesor creador [33m 4211[2mms[22m[39m
   [33m[2mÔ£ô[22m[39m Assignments[2m > [22mProfesor ajeno no puede actualizar asignacion de otro profesor [33m 4440[2mms[22m[39m
   [33m[2mÔ£ô[22m[39m Assignments[2m > [22mSuperadmin puede actualizar asignacion ajena [33m 4009[2mms[22m[39m
   [33m[2mÔ£ô[22m[39m Assignments[2m > [22mProfesor ajeno no puede eliminar asignacion y la misma sigue disponible [33m 4606[2mms[22m[39m
   [33m[2mÔ£ô[22m[39m Assignments[2m > [22mSuperadmin puede eliminar asignacion de terceros [33m 4117[2mms[22m[39m
   [33m[2mÔ£ô[22m[39m Assignments[2m > [22mListado para profesor devuelve TODAS las asignaciones de su m├│dulo [33m 4150[2mms[22m[39m
   [33m[2mÔ£ô[22m[39m Assignments[2m > [22mCampos extra se ignoran al crear una asignacion [33m 3678[2mms[22m[39m
[90mstdout[2m | tests/submission.test.mjs
[22m[39m[dotenv@17.2.2] injecting env (3) from .env -- tip: ÔÜÖ´©Å  override existing env vars with { override: true }

[90mstdout[2m | tests/submission.test.mjs
[22m[39m[dotenv@17.2.2] injecting env (0) from .env -- tip: ­ƒôí version env with Radar: https://dotenvx.com/radar

[90mstdout[2m | tests/submission.test.mjs
[22m[39m[dotenv@17.2.2] injecting env (0) from .env -- tip: ÔÜÖ´©Å  override existing env vars with { override: true }

[90mstdout[2m | tests/submission.test.mjs
[22m[39mConectado a MongoDB

[90mstderr[2m | tests/submission.test.mjs[2m > [22m[2mSubmissions[2m > [22m[2mAlumno no puede entregar sin reservar turno previamente
[22m[39m[Seed] Usuarios base ya existentes, se omite insercion duplicada.

[0mPOST /auth/login [32m200[0m 441.264 ms - 486[0m
[0mPOST /auth/register [32m201[0m 298.786 ms - 313[0m
[0mPATCH /auth/aprobar/6923bc7e6845e9e9f8510d93 [32m200[0m 221.491 ms - 302[0m
[0mPOST /auth/login [32m200[0m 204.136 ms - 517[0m
[0mPOST /auth/register [32m201[0m 273.376 ms - 315[0m
[0mPATCH /auth/aprobar/6923bc7f6845e9e9f8510d9a [32m200[0m 213.502 ms - 304[0m
[0mPOST /auth/login [32m200[0m 271.215 ms - 519[0m
[0mPOST /auth/register [32m201[0m 272.087 ms - 309[0m
[0mPATCH /auth/aprobar/6923bc806845e9e9f8510da1 [32m200[0m 206.890 ms - 298[0m
[0mPOST /auth/login [32m200[0m 203.013 ms - 510[0m
[0mPOST /auth/register [32m201[0m 266.513 ms - 311[0m
[0mPATCH /auth/aprobar/6923bc806845e9e9f8510da8 [32m200[0m 202.043 ms - 300[0m
[0mPOST /auth/login [32m200[0m 199.651 ms - 512[0m
[0mPOST /assignments [32m201[0m 148.476 ms - 351[0m
[0mPOST /slots [32m201[0m 310.641 ms - 586[0m
[90mstderr[2m | tests/submission.test.mjs[2m > [22m[2mSubmissions[2m > [22m[2mAlumno no puede entregar sin reservar turno previamente
[22m[39mError: Debes reservar el turno antes de entregar

[0mPOST /submissions/6923bc816845e9e9f8510db2 [33m403[0m 142.260 ms - 55[0m
[90mstderr[2m | tests/submission.test.mjs[2m > [22m[2mSubmissions[2m > [22m[2mEntrega rechaza links que no son de GitHub
[22m[39m[Seed] Usuarios base ya existentes, se omite insercion duplicada.

[0mPOST /auth/login [32m200[0m 202.605 ms - 486[0m
[0mPOST /auth/register [32m201[0m 260.561 ms - 313[0m
[0mPATCH /auth/aprobar/6923bc836845e9e9f8510dbf [32m200[0m 198.775 ms - 302[0m
[0mPOST /auth/login [32m200[0m 204.008 ms - 517[0m
[0mPOST /auth/register [32m201[0m 265.288 ms - 315[0m
[0mPATCH /auth/aprobar/6923bc836845e9e9f8510dc6 [32m200[0m 200.962 ms - 304[0m
[0mPOST /auth/login [32m200[0m 200.680 ms - 519[0m
[0mPOST /auth/register [32m201[0m 291.185 ms - 309[0m
[0mPATCH /auth/aprobar/6923bc846845e9e9f8510dcd [32m200[0m 191.920 ms - 298[0m
[0mPOST /auth/login [32m200[0m 197.026 ms - 510[0m
[0mPOST /auth/register [32m201[0m 262.609 ms - 311[0m
[0mPATCH /auth/aprobar/6923bc856845e9e9f8510dd4 [32m200[0m 194.246 ms - 300[0m
[0mPOST /auth/login [32m200[0m 199.850 ms - 512[0m
[0mPOST /assignments [32m201[0m 137.297 ms - 352[0m
[0mPOST /slots [32m201[0m 267.956 ms - 587[0m
[0mPATCH /slots/6923bc856845e9e9f8510dde/solicitar [32m200[0m 277.539 ms - 630[0m
[90mstderr[2m | tests/submission.test.mjs[2m > [22m[2mSubmissions[2m > [22m[2mEntrega rechaza links que no son de GitHub
[22m[39mError: Error de validacion

[0mPOST /submissions/6923bc856845e9e9f8510dde [33m400[0m 69.270 ms - 92[0m
[90mstderr[2m | tests/submission.test.mjs[2m > [22m[2mSubmissions[2m > [22m[2mEntrega valida queda en estado 'A revisar' tras reservar correctamente
[22m[39m[Seed] Usuarios base ya existentes, se omite insercion duplicada.

[0mPOST /auth/login [32m200[0m 211.418 ms - 486[0m
[0mPOST /auth/register [32m201[0m 282.922 ms - 314[0m
[0mPATCH /auth/aprobar/6923bc876845e9e9f8510dee [32m200[0m 198.921 ms - 303[0m
[0mPOST /auth/login [32m200[0m 199.043 ms - 518[0m
[0mPOST /auth/register [32m201[0m 261.403 ms - 316[0m
[0mPATCH /auth/aprobar/6923bc886845e9e9f8510df5 [32m200[0m 197.717 ms - 305[0m
[0mPOST /auth/login [32m200[0m 194.644 ms - 520[0m
[0mPOST /auth/register [32m201[0m 263.560 ms - 310[0m
[0mPATCH /auth/aprobar/6923bc886845e9e9f8510dfc [32m200[0m 202.518 ms - 299[0m
[0mPOST /auth/login [32m200[0m 196.658 ms - 511[0m
[0mPOST /auth/register [32m201[0m 263.780 ms - 312[0m
[0mPATCH /auth/aprobar/6923bc896845e9e9f8510e03 [32m200[0m 191.163 ms - 301[0m
[0mPOST /auth/login [32m200[0m 196.988 ms - 513[0m
[0mPOST /assignments [32m201[0m 138.475 ms - 352[0m
[0mPOST /slots [32m201[0m 269.505 ms - 587[0m
[0mPATCH /slots/6923bc8a6845e9e9f8510e0d/solicitar [32m200[0m 261.112 ms - 630[0m
[0mPOST /submissions/6923bc8a6845e9e9f8510e0d [32m201[0m 268.317 ms - 303[0m
[90mstderr[2m | tests/submission.test.mjs[2m > [22m[2mSubmissions[2m > [22m[2mAlumno no puede ver entregas de otro alumno
[22m[39m[Seed] Usuarios base ya existentes, se omite insercion duplicada.

[0mPOST /auth/login [32m200[0m 196.484 ms - 486[0m
[0mPOST /auth/register [32m201[0m 265.805 ms - 314[0m
[0mPATCH /auth/aprobar/6923bc8c6845e9e9f8510e21 [32m200[0m 191.450 ms - 303[0m
[0mPOST /auth/login [32m200[0m 198.843 ms - 518[0m
[0mPOST /auth/register [32m201[0m 260.546 ms - 316[0m
[0mPATCH /auth/aprobar/6923bc8c6845e9e9f8510e28 [32m200[0m 185.353 ms - 305[0m
[0mPOST /auth/login [32m200[0m 202.997 ms - 520[0m
[0mPOST /auth/register [32m201[0m 273.790 ms - 310[0m
[0mPATCH /auth/aprobar/6923bc8d6845e9e9f8510e2f [32m200[0m 201.053 ms - 299[0m
[0mPOST /auth/login [32m200[0m 192.717 ms - 511[0m
[0mPOST /auth/register [32m201[0m 260.782 ms - 312[0m
[0mPATCH /auth/aprobar/6923bc8e6845e9e9f8510e36 [32m200[0m 214.246 ms - 301[0m
[0mPOST /auth/login [32m200[0m 198.127 ms - 513[0m
[0mPOST /assignments [32m201[0m 144.144 ms - 352[0m
[0mPOST /slots [32m201[0m 275.037 ms - 587[0m
[0mPATCH /slots/6923bc8e6845e9e9f8510e40/solicitar [32m200[0m 253.278 ms - 630[0m
[0mPOST /submissions/6923bc8e6845e9e9f8510e40 [32m201[0m 270.595 ms - 288[0m
[90mstderr[2m | tests/submission.test.mjs[2m > [22m[2mSubmissions[2m > [22m[2mAlumno no puede ver entregas de otro alumno
[22m[39mError: No autorizado a ver las entregas de otros alumnos

[0mGET /submissions/6923bc8d6845e9e9f8510e2f [33m403[0m 67.063 ms - 63[0m
[90mstderr[2m | tests/submission.test.mjs[2m > [22m[2mSubmissions[2m > [22m[2mAlumno no puede editar entrega de otro estudiante
[22m[39m[Seed] Usuarios base ya existentes, se omite insercion duplicada.

[0mPOST /auth/login [32m200[0m 193.708 ms - 486[0m
[0mPOST /auth/register [32m201[0m 265.013 ms - 314[0m
[0mPATCH /auth/aprobar/6923bc906845e9e9f8510e55 [32m200[0m 192.138 ms - 303[0m
[0mPOST /auth/login [32m200[0m 230.831 ms - 518[0m
[0mPOST /auth/register [32m201[0m 272.763 ms - 316[0m
[0mPATCH /auth/aprobar/6923bc916845e9e9f8510e5c [32m200[0m 194.452 ms - 305[0m
[0mPOST /auth/login [32m200[0m 233.304 ms - 520[0m
[0mPOST /auth/register [32m201[0m 271.753 ms - 310[0m
[0mPATCH /auth/aprobar/6923bc926845e9e9f8510e63 [32m200[0m 205.304 ms - 299[0m
[0mPOST /auth/login [32m200[0m 197.013 ms - 511[0m
[0mPOST /auth/register [32m201[0m 258.195 ms - 312[0m
[0mPATCH /auth/aprobar/6923bc926845e9e9f8510e6a [32m200[0m 204.464 ms - 301[0m
[0mPOST /auth/login [32m200[0m 199.725 ms - 513[0m
[0mPOST /assignments [32m201[0m 134.985 ms - 352[0m
[0mPOST /slots [32m201[0m 277.288 ms - 587[0m
[0mPATCH /slots/6923bc936845e9e9f8510e74/solicitar [32m200[0m 253.910 ms - 630[0m
[0mPOST /submissions/6923bc936845e9e9f8510e74 [32m201[0m 273.672 ms - 288[0m
[90mstderr[2m | tests/submission.test.mjs[2m > [22m[2mSubmissions[2m > [22m[2mAlumno no puede editar entrega de otro estudiante
[22m[39mError: No autorizado para modificar esta entrega

[0mPUT /submissions/6923bc946845e9e9f8510e7f [33m403[0m 142.797 ms - 55[0m
[90mstderr[2m | tests/submission.test.mjs[2m > [22m[2mSubmissions[2m > [22m[2mSuperadmin puede consultar entregas de cualquier alumno
[22m[39m[Seed] Usuarios base ya existentes, se omite insercion duplicada.

[0mPOST /auth/login [32m200[0m 207.005 ms - 486[0m
[0mPOST /auth/register [32m201[0m 258.200 ms - 314[0m
[0mPATCH /auth/aprobar/6923bc956845e9e9f8510e8a [32m200[0m 192.864 ms - 303[0m
[0mPOST /auth/login [32m200[0m 203.172 ms - 518[0m
[0mPOST /auth/register [32m201[0m 259.866 ms - 316[0m
[0mPATCH /auth/aprobar/6923bc966845e9e9f8510e91 [32m200[0m 204.884 ms - 305[0m
[0mPOST /auth/login [32m200[0m 218.090 ms - 520[0m
[0mPOST /auth/register [32m201[0m 273.654 ms - 310[0m
[0mPATCH /auth/aprobar/6923bc966845e9e9f8510e98 [32m200[0m 191.308 ms - 299[0m
[0mPOST /auth/login [32m200[0m 192.772 ms - 511[0m
[0mPOST /auth/register [32m201[0m 260.278 ms - 312[0m
[0mPATCH /auth/aprobar/6923bc976845e9e9f8510e9f [32m200[0m 202.634 ms - 301[0m
[0mPOST /auth/login [32m200[0m 202.934 ms - 513[0m
[0mPOST /assignments [32m201[0m 135.352 ms - 352[0m
[0mPOST /slots [32m201[0m 273.473 ms - 587[0m
[0mPATCH /slots/6923bc986845e9e9f8510ea9/solicitar [32m200[0m 275.993 ms - 630[0m
[0mPOST /submissions/6923bc986845e9e9f8510ea9 [32m201[0m 268.959 ms - 288[0m
[0mGET /submissions/6923bc966845e9e9f8510e98 [32m200[0m 137.116 ms - 290[0m
[90mstderr[2m | tests/submission.test.mjs[2m > [22m[2mSubmissions[2m > [22m[2mProfesor creador puede aprobar una entrega y el alumno ya no puede modificarla
[22m[39m[Seed] Usuarios base ya existentes, se omite insercion duplicada.

[0mPOST /auth/login [32m200[0m 236.094 ms - 486[0m
[0mPOST /auth/register [32m201[0m 295.289 ms - 314[0m
[0mPATCH /auth/aprobar/6923bc9a6845e9e9f8510ebf [32m200[0m 194.322 ms - 303[0m
[0mPOST /auth/login [32m200[0m 249.821 ms - 518[0m
[0mPOST /auth/register [32m201[0m 428.076 ms - 316[0m
[0mPATCH /auth/aprobar/6923bc9b6845e9e9f8510ec6 [32m200[0m 191.448 ms - 305[0m
[0mPOST /auth/login [32m200[0m 380.589 ms - 520[0m
[0mPOST /auth/register [32m201[0m 632.010 ms - 310[0m
[0mPATCH /auth/aprobar/6923bc9c6845e9e9f8510ecd [32m200[0m 198.112 ms - 299[0m
[0mPOST /auth/login [32m200[0m 194.019 ms - 511[0m
[0mPOST /auth/register [32m201[0m 257.313 ms - 312[0m
[0mPATCH /auth/aprobar/6923bc9d6845e9e9f8510ed4 [32m200[0m 196.536 ms - 301[0m
[0mPOST /auth/login [32m200[0m 195.821 ms - 513[0m
[0mPOST /assignments [32m201[0m 137.367 ms - 352[0m
[0mPOST /slots [32m201[0m 273.350 ms - 587[0m
[0mPATCH /slots/6923bc9d6845e9e9f8510ede/solicitar [32m200[0m 262.773 ms - 630[0m
[0mPOST /submissions/6923bc9d6845e9e9f8510ede [32m201[0m 274.336 ms - 288[0m
[0mPUT /submissions/6923bc9e6845e9e9f8510ee9 [32m200[0m 329.349 ms - 294[0m
[90mstderr[2m | tests/submission.test.mjs[2m > [22m[2mSubmissions[2m > [22m[2mProfesor creador puede aprobar una entrega y el alumno ya no puede modificarla
[22m[39mError: No se puede modificar una entrega ya evaluada (Aprobado).

[0mPUT /submissions/6923bc9e6845e9e9f8510ee9 [33m409[0m 128.468 ms - 71[0m
 [32mÔ£ô[39m tests/submission.test.mjs [2m([22m[2m7 tests[22m[2m)[22m[33m 35370[2mms[22m[39m
   [33m[2mÔ£ô[22m[39m Submissions[2m > [22mAlumno no puede entregar sin reservar turno previamente [33m 4820[2mms[22m[39m
   [33m[2mÔ£ô[22m[39m Submissions[2m > [22mEntrega rechaza links que no son de GitHub [33m 4401[2mms[22m[39m
   [33m[2mÔ£ô[22m[39m Submissions[2m > [22mEntrega valida queda en estado 'A revisar' tras reservar correctamente [33m 4564[2mms[22m[39m
   [33m[2mÔ£ô[22m[39m Submissions[2m > [22mAlumno no puede ver entregas de otro alumno [33m 4619[2mms[22m[39m
   [33m[2mÔ£ô[22m[39m Submissions[2m > [22mAlumno no puede editar entrega de otro estudiante [33m 4830[2mms[22m[39m
   [33m[2mÔ£ô[22m[39m Submissions[2m > [22mSuperadmin puede consultar entregas de cualquier alumno [33m 4709[2mms[22m[39m
   [33m[2mÔ£ô[22m[39m Submissions[2m > [22mProfesor creador puede aprobar una entrega y el alumno ya no puede modificarla [33m 5895[2mms[22m[39m
[90mstdout[2m | tests/slot.test.mjs
[22m[39m[dotenv@17.2.2] injecting env (3) from .env -- tip: ­ƒøá´©Å  run anywhere with `dotenvx run -- yourcommand`

[90mstdout[2m | tests/slot.test.mjs
[22m[39m[dotenv@17.2.2] injecting env (0) from .env -- tip: ÔÜÖ´©Å  write to custom object with { processEnv: myObject }

[90mstdout[2m | tests/slot.test.mjs
[22m[39m[dotenv@17.2.2] injecting env (0) from .env -- tip: ÔÜÖ´©Å  enable debug logging with { debug: true }

[90mstdout[2m | tests/slot.test.mjs
[22m[39mConectado a MongoDB

[90mstderr[2m | tests/slot.test.mjs[2m > [22m[2mSlots[2m > [22m[2mAlumno de otro m├│dulo no puede reservar un turno
[22m[39m[Seed] Usuarios base ya existentes, se omite insercion duplicada.

[0mPOST /auth/login [32m200[0m 573.805 ms - 486[0m
[0mPOST /auth/register [32m201[0m 302.902 ms - 313[0m
[0mPATCH /auth/aprobar/6923bca51964a82c0e5c9eaf [32m200[0m 241.200 ms - 302[0m
[0mPOST /auth/login [32m200[0m 342.271 ms - 517[0m
[0mPOST /auth/register [32m201[0m 272.717 ms - 315[0m
[0mPATCH /auth/aprobar/6923bca61964a82c0e5c9eb6 [32m200[0m 206.859 ms - 304[0m
[0mPOST /auth/login [32m200[0m 196.734 ms - 519[0m
[0mPOST /auth/register [32m201[0m 268.873 ms - 309[0m
[0mPATCH /auth/aprobar/6923bca61964a82c0e5c9ebd [32m200[0m 191.296 ms - 298[0m
[0mPOST /auth/login [32m200[0m 211.504 ms - 510[0m
[0mPOST /auth/register [32m201[0m 261.042 ms - 311[0m
[0mPATCH /auth/aprobar/6923bca71964a82c0e5c9ec4 [32m200[0m 197.432 ms - 300[0m
[0mPOST /auth/login [32m200[0m 204.479 ms - 512[0m
[0mPOST /assignments [32m201[0m 136.997 ms - 351[0m
[0mPOST /slots [32m201[0m 308.247 ms - 586[0m
[90mstderr[2m | tests/slot.test.mjs[2m > [22m[2mSlots[2m > [22m[2mAlumno de otro m├│dulo no puede reservar un turno
[22m[39mError: Modulo no coincide

[0mPATCH /slots/6923bca81964a82c0e5c9ece/solicitar [33m403[0m 193.159 ms - 32[0m
[90mstderr[2m | tests/slot.test.mjs[2m > [22m[2mSlots[2m > [22m[2mAlumno sin aprobacion no puede solicitar turno
[22m[39m[Seed] Usuarios base ya existentes, se omite insercion duplicada.

[0mPOST /auth/login [32m200[0m 216.651 ms - 486[0m
[0mPOST /auth/register [32m201[0m 267.516 ms - 313[0m
[0mPATCH /auth/aprobar/6923bca91964a82c0e5c9edc [32m200[0m 190.942 ms - 302[0m
[0mPOST /auth/login [32m200[0m 198.828 ms - 517[0m
[0mPOST /auth/register [32m201[0m 267.032 ms - 315[0m
[0mPATCH /auth/aprobar/6923bcaa1964a82c0e5c9ee3 [32m200[0m 193.351 ms - 304[0m
[0mPOST /auth/login [32m200[0m 197.759 ms - 519[0m
[0mPOST /auth/register [32m201[0m 275.232 ms - 309[0m
[0mPATCH /auth/aprobar/6923bcab1964a82c0e5c9eea [32m200[0m 214.050 ms - 298[0m
[0mPOST /auth/login [32m200[0m 199.603 ms - 510[0m
[0mPOST /auth/register [32m201[0m 270.000 ms - 311[0m
[0mPATCH /auth/aprobar/6923bcab1964a82c0e5c9ef1 [32m200[0m 197.957 ms - 300[0m
[0mPOST /auth/login [32m200[0m 199.313 ms - 512[0m
[0mPOST /auth/register [32m201[0m 263.988 ms - 327[0m
[0mPOST /auth/login [32m200[0m 200.721 ms - 530[0m
[0mPOST /assignments [32m201[0m 144.459 ms - 352[0m
[0mPOST /slots [32m201[0m 280.773 ms - 587[0m
[90mstderr[2m | tests/slot.test.mjs[2m > [22m[2mSlots[2m > [22m[2mAlumno sin aprobacion no puede solicitar turno
[22m[39mError: Tu cuenta debe ser aprobada por un profesor o administrador

[0mPATCH /slots/6923bcad1964a82c0e5c9eff/solicitar [33m403[0m 69.630 ms - 73[0m
[90mstderr[2m | tests/slot.test.mjs[2m > [22m[2mSlots[2m > [22m[2mProfesor actualiza estado del turno entre aprobado y pendiente
[22m[39m[Seed] Usuarios base ya existentes, se omite insercion duplicada.

[0mPOST /auth/login [32m200[0m 195.844 ms - 486[0m
[0mPOST /auth/register [32m201[0m 262.049 ms - 314[0m
[0mPATCH /auth/aprobar/6923bcae1964a82c0e5c9f0b [32m200[0m 206.588 ms - 303[0m
[0mPOST /auth/login [32m200[0m 209.920 ms - 518[0m
[0mPOST /auth/register [32m201[0m 263.982 ms - 316[0m
[0mPATCH /auth/aprobar/6923bcaf1964a82c0e5c9f12 [32m200[0m 187.922 ms - 305[0m
[0mPOST /auth/login [32m200[0m 196.725 ms - 520[0m
[0mPOST /auth/register [32m201[0m 264.026 ms - 310[0m
[0mPATCH /auth/aprobar/6923bcaf1964a82c0e5c9f19 [32m200[0m 206.754 ms - 299[0m
[0mPOST /auth/login [32m200[0m 223.937 ms - 511[0m
[0mPOST /auth/register [32m201[0m 265.721 ms - 312[0m
[0mPATCH /auth/aprobar/6923bcb01964a82c0e5c9f20 [32m200[0m 194.971 ms - 301[0m
[0mPOST /auth/login [32m200[0m 200.228 ms - 513[0m
[0mPOST /assignments [32m201[0m 138.704 ms - 352[0m
[0mPOST /slots [32m201[0m 269.140 ms - 587[0m
[0mPATCH /slots/6923bcb11964a82c0e5c9f2a/estado [32m200[0m 313.663 ms - 586[0m
[0mPATCH /slots/6923bcb11964a82c0e5c9f2a/estado [32m200[0m 255.146 ms - 587[0m
[90mstderr[2m | tests/slot.test.mjs[2m > [22m[2mSlots[2m > [22m[2mAlumno no autorizado no puede cambiar estado de turno
[22m[39m[Seed] Usuarios base ya existentes, se omite insercion duplicada.

[0mPOST /auth/login [32m200[0m 199.472 ms - 486[0m
[0mPOST /auth/register [32m201[0m 270.769 ms - 314[0m
[0mPATCH /auth/aprobar/6923bcb31964a82c0e5c9f3d [32m200[0m 195.815 ms - 303[0m
[0mPOST /auth/login [32m200[0m 185.945 ms - 518[0m
[0mPOST /auth/register [32m201[0m 260.033 ms - 316[0m
[0mPATCH /auth/aprobar/6923bcb31964a82c0e5c9f44 [32m200[0m 194.101 ms - 305[0m
[0mPOST /auth/login [32m200[0m 194.954 ms - 520[0m
[0mPOST /auth/register [32m201[0m 269.049 ms - 310[0m
[0mPATCH /auth/aprobar/6923bcb41964a82c0e5c9f4b [32m200[0m 198.297 ms - 299[0m
[0mPOST /auth/login [32m200[0m 205.833 ms - 511[0m
[0mPOST /auth/register [32m201[0m 270.317 ms - 312[0m
[0mPATCH /auth/aprobar/6923bcb51964a82c0e5c9f52 [32m200[0m 201.375 ms - 301[0m
[0mPOST /auth/login [32m200[0m 209.322 ms - 513[0m
[0mPOST /assignments [32m201[0m 133.644 ms - 352[0m
[0mPOST /slots [32m201[0m 280.358 ms - 587[0m
[90mstderr[2m | tests/slot.test.mjs[2m > [22m[2mSlots[2m > [22m[2mAlumno no autorizado no puede cambiar estado de turno
[22m[39mError: Acceso denegado

[0mPATCH /slots/6923bcb51964a82c0e5c9f5c/estado [33m403[0m 68.524 ms - 29[0m
[90mstderr[2m | tests/slot.test.mjs[2m > [22m[2mSlots[2m > [22m[2mEstado invalido al actualizar turno responde 400
[22m[39m[Seed] Usuarios base ya existentes, se omite insercion duplicada.

[0mPOST /auth/login [32m200[0m 196.324 ms - 486[0m
[0mPOST /auth/register [32m201[0m 293.895 ms - 314[0m
[0mPATCH /auth/aprobar/6923bcb71964a82c0e5c9f68 [32m200[0m 203.456 ms - 303[0m
[0mPOST /auth/login [32m200[0m 198.959 ms - 518[0m
[0mPOST /auth/register [32m201[0m 334.565 ms - 316[0m
[0mPATCH /auth/aprobar/6923bcb71964a82c0e5c9f6f [32m200[0m 213.054 ms - 305[0m
[0mPOST /auth/login [32m200[0m 200.174 ms - 520[0m
[0mPOST /auth/register [32m201[0m 289.012 ms - 310[0m
[0mPATCH /auth/aprobar/6923bcb81964a82c0e5c9f76 [32m200[0m 200.854 ms - 299[0m
[0mPOST /auth/login [32m200[0m 195.234 ms - 511[0m
[0mPOST /auth/register [32m201[0m 304.960 ms - 312[0m
[0mPATCH /auth/aprobar/6923bcb91964a82c0e5c9f7d [32m200[0m 189.471 ms - 301[0m
[0mPOST /auth/login [32m200[0m 202.906 ms - 513[0m
[0mPOST /assignments [32m201[0m 150.090 ms - 352[0m
[0mPOST /slots [32m201[0m 281.438 ms - 587[0m
[90mstderr[2m | tests/slot.test.mjs[2m > [22m[2mSlots[2m > [22m[2mEstado invalido al actualizar turno responde 400
[22m[39mError: Error de validacion

[0mPATCH /slots/6923bcba1964a82c0e5c9f87/estado [33m400[0m 71.952 ms - 79[0m
[90mstderr[2m | tests/slot.test.mjs[2m > [22m[2mSlots[2m > [22m[2mAlumno no puede reservar dos veces el mismo turno
[22m[39m[Seed] Usuarios base ya existentes, se omite insercion duplicada.

[0mPOST /auth/login [32m200[0m 187.373 ms - 486[0m
[0mPOST /auth/register [32m201[0m 272.410 ms - 314[0m
[0mPATCH /auth/aprobar/6923bcbb1964a82c0e5c9f93 [32m200[0m 192.734 ms - 303[0m
[0mPOST /auth/login [32m200[0m 196.448 ms - 518[0m
[0mPOST /auth/register [32m201[0m 256.137 ms - 316[0m
[0mPATCH /auth/aprobar/6923bcbc1964a82c0e5c9f9a [32m200[0m 194.356 ms - 305[0m
[0mPOST /auth/login [32m200[0m 187.964 ms - 520[0m
[0mPOST /auth/register [32m201[0m 271.194 ms - 310[0m
[0mPATCH /auth/aprobar/6923bcbc1964a82c0e5c9fa1 [32m200[0m 193.563 ms - 299[0m
[0mPOST /auth/login [32m200[0m 195.647 ms - 511[0m
[0mPOST /auth/register [32m201[0m 260.924 ms - 312[0m
[0mPATCH /auth/aprobar/6923bcbd1964a82c0e5c9fa8 [32m200[0m 191.357 ms - 301[0m
[0mPOST /auth/login [32m200[0m 226.126 ms - 513[0m
[0mPOST /assignments [32m201[0m 136.222 ms - 352[0m
[0mPOST /slots [32m201[0m 273.282 ms - 587[0m
[0mPATCH /slots/6923bcbe1964a82c0e5c9fb2/solicitar [32m200[0m 269.546 ms - 630[0m
[90mstderr[2m | tests/slot.test.mjs[2m > [22m[2mSlots[2m > [22m[2mAlumno no puede reservar dos veces el mismo turno
[22m[39mError: Turno ya reservado

[0mPATCH /slots/6923bcbe1964a82c0e5c9fb2/solicitar [33m403[0m 200.343 ms - 32[0m
 [32mÔ£ô[39m tests/slot.test.mjs [2m([22m[2m6 tests[22m[2m)[22m[33m 28655[2mms[22m[39m
   [33m[2mÔ£ô[22m[39m Slots[2m > [22mAlumno de otro m├│dulo no puede reservar un turno [33m 5047[2mms[22m[39m
   [33m[2mÔ£ô[22m[39m Slots[2m > [22mAlumno sin aprobacion no puede solicitar turno [33m 4606[2mms[22m[39m
   [33m[2mÔ£ô[22m[39m Slots[2m > [22mProfesor actualiza estado del turno entre aprobado y pendiente [33m 4640[2mms[22m[39m
   [33m[2mÔ£ô[22m[39m Slots[2m > [22mAlumno no autorizado no puede cambiar estado de turno [33m 4095[2mms[22m[39m
   [33m[2mÔ£ô[22m[39m Slots[2m > [22mEstado invalido al actualizar turno responde 400 [33m 4255[2mms[22m[39m
   [33m[2mÔ£ô[22m[39m Slots[2m > [22mAlumno no puede reservar dos veces el mismo turno [33m 4458[2mms[22m[39m
[90mstdout[2m | tests/user.test.mjs
[22m[39m[dotenv@17.2.2] injecting env (3) from .env -- tip: ­ƒôí observe env with Radar: https://dotenvx.com/radar

[90mstdout[2m | tests/user.test.mjs
[22m[39m[dotenv@17.2.2] injecting env (0) from .env -- tip: ­ƒôí auto-backup env with Radar: https://dotenvx.com/radar

[90mstdout[2m | tests/user.test.mjs
[22m[39m[dotenv@17.2.2] injecting env (0) from .env -- tip: ÔÜÖ´©Å  override existing env vars with { override: true }

[90mstdout[2m | tests/user.test.mjs
[22m[39mConectado a MongoDB

[90mstderr[2m | tests/user.test.mjs[2m > [22m[2mUsers[2m > [22m[2mSuperadmin puede listar usuarios y los datos sensibles no se exponen
[22m[39m[Seed] Usuarios base ya existentes, se omite insercion duplicada.

[0mPOST /auth/login [32m200[0m 280.407 ms - 486[0m
[0mPOST /auth/register [32m201[0m 338.000 ms - 313[0m
[0mPATCH /auth/aprobar/6923bcc4ed7bd00122745a90 [32m200[0m 226.958 ms - 302[0m
[0mPOST /auth/login [32m200[0m 201.846 ms - 517[0m
[0mPOST /auth/register [32m201[0m 274.564 ms - 315[0m
[0mPATCH /auth/aprobar/6923bcc5ed7bd00122745a97 [32m200[0m 208.594 ms - 304[0m
[0mPOST /auth/login [32m200[0m 203.143 ms - 519[0m
[0mPOST /auth/register [32m201[0m 262.583 ms - 309[0m
[0mPATCH /auth/aprobar/6923bcc6ed7bd00122745a9e [32m200[0m 203.691 ms - 298[0m
[0mPOST /auth/login [32m200[0m 200.237 ms - 510[0m
[0mPOST /auth/register [32m201[0m 340.304 ms - 311[0m
[0mPATCH /auth/aprobar/6923bcc6ed7bd00122745aa5 [32m200[0m 215.063 ms - 300[0m
[0mPOST /auth/login [32m200[0m 196.452 ms - 512[0m
[0mGET /usuarios [32m200[0m 454.141 ms - 48957[0m
[90mstderr[2m | tests/user.test.mjs[2m > [22m[2mUsers[2m > [22m[2mProfesor puede filtrar usuarios por rol
[22m[39m[Seed] Usuarios base ya existentes, se omite insercion duplicada.

[0mPOST /auth/login [32m200[0m 203.067 ms - 486[0m
[0mPOST /auth/register [32m201[0m 263.862 ms - 313[0m
[0mPATCH /auth/aprobar/6923bcc8ed7bd00122745ab4 [32m200[0m 201.789 ms - 302[0m
[0mPOST /auth/login [32m200[0m 195.212 ms - 517[0m
[0mPOST /auth/register [32m201[0m 260.164 ms - 315[0m
[0mPATCH /auth/aprobar/6923bcc9ed7bd00122745abb [32m200[0m 205.695 ms - 304[0m
[0mPOST /auth/login [32m200[0m 199.735 ms - 519[0m
[0mPOST /auth/register [32m201[0m 257.148 ms - 309[0m
[0mPATCH /auth/aprobar/6923bccaed7bd00122745ac2 [32m200[0m 198.001 ms - 298[0m
[0mPOST /auth/login [32m200[0m 197.037 ms - 510[0m
[0mPOST /auth/register [32m201[0m 268.149 ms - 311[0m
[0mPATCH /auth/aprobar/6923bccbed7bd00122745ac9 [32m200[0m 207.328 ms - 300[0m
[0mPOST /auth/login [32m200[0m 229.080 ms - 512[0m
[0mGET /usuarios?role=alumno [32m200[0m 213.970 ms - 12420[0m
[90mstderr[2m | tests/user.test.mjs[2m > [22m[2mUsers[2m > [22m[2mSuperadmin puede filtrar usuarios por m├│dulo
[22m[39m[Seed] Usuarios base ya existentes, se omite insercion duplicada.

[0mPOST /auth/login [32m200[0m 193.860 ms - 486[0m
[0mPOST /auth/register [32m201[0m 258.489 ms - 313[0m
[0mPATCH /auth/aprobar/6923bccced7bd00122745ad8 [32m200[0m 203.847 ms - 302[0m
[0mPOST /auth/login [32m200[0m 194.088 ms - 517[0m
[0mPOST /auth/register [32m201[0m 282.481 ms - 315[0m
[0mPATCH /auth/aprobar/6923bccded7bd00122745adf [32m200[0m 196.177 ms - 304[0m
[0mPOST /auth/login [32m200[0m 202.283 ms - 519[0m
[0mPOST /auth/register [32m201[0m 262.968 ms - 310[0m
[0mPATCH /auth/aprobar/6923bcceed7bd00122745ae6 [32m200[0m 190.261 ms - 299[0m
[0mPOST /auth/login [32m200[0m 194.419 ms - 511[0m
[0mPOST /auth/register [32m201[0m 272.816 ms - 312[0m
[0mPATCH /auth/aprobar/6923bcceed7bd00122745aed [32m200[0m 207.283 ms - 301[0m
[0mPOST /auth/login [32m200[0m 196.521 ms - 513[0m
[0mGET /usuarios?modulo=FRONTEND%20-%20REACT [32m200[0m 142.423 ms - 6005[0m
[90mstderr[2m | tests/user.test.mjs[2m > [22m[2mUsers[2m > [22m[2mAlumno recibe 403 al listar usuarios
[22m[39m[Seed] Usuarios base ya existentes, se omite insercion duplicada.

[0mPOST /auth/login [32m200[0m 186.340 ms - 486[0m
[0mPOST /auth/register [32m201[0m 263.201 ms - 314[0m
[0mPATCH /auth/aprobar/6923bcd0ed7bd00122745afc [32m200[0m 224.661 ms - 303[0m
[0mPOST /auth/login [32m200[0m 190.528 ms - 518[0m
[0mPOST /auth/register [32m201[0m 259.664 ms - 316[0m
[0mPATCH /auth/aprobar/6923bcd1ed7bd00122745b03 [32m200[0m 203.538 ms - 305[0m
[0mPOST /auth/login [32m200[0m 201.141 ms - 520[0m
[0mPOST /auth/register [32m201[0m 261.073 ms - 310[0m
[0mPATCH /auth/aprobar/6923bcd1ed7bd00122745b0a [32m200[0m 202.501 ms - 299[0m
[0mPOST /auth/login [32m200[0m 215.488 ms - 511[0m
[0mPOST /auth/register [32m201[0m 259.268 ms - 312[0m
[0mPATCH /auth/aprobar/6923bcd2ed7bd00122745b11 [32m200[0m 204.579 ms - 301[0m
[0mPOST /auth/login [32m200[0m 235.836 ms - 513[0m
[0mGET /auth/usuarios [33m403[0m 64.138 ms - 29[0m
[90mstderr[2m | tests/user.test.mjs[2m > [22m[2mUsers[2m > [22m[2mAlumno recibe 403 al listar usuarios
[22m[39mError: Acceso denegado

[90mstderr[2m | tests/user.test.mjs[2m > [22m[2mUsers[2m > [22m[2mSuperadmin aprueba un usuario pendiente
[22m[39m[Seed] Usuarios base ya existentes, se omite insercion duplicada.

[0mPOST /auth/login [32m200[0m 208.142 ms - 486[0m
[0mPOST /auth/register [32m201[0m 270.334 ms - 314[0m
[0mPATCH /auth/aprobar/6923bcd4ed7bd00122745b1f [32m200[0m 213.493 ms - 303[0m
[0mPOST /auth/login [32m200[0m 199.292 ms - 518[0m
[0mPOST /auth/register [32m201[0m 260.909 ms - 316[0m
[0mPATCH /auth/aprobar/6923bcd4ed7bd00122745b26 [32m200[0m 199.097 ms - 305[0m
[0mPOST /auth/login [32m200[0m 201.841 ms - 520[0m
[0mPOST /auth/register [32m201[0m 263.478 ms - 310[0m
[0mPATCH /auth/aprobar/6923bcd5ed7bd00122745b2d [32m200[0m 207.962 ms - 299[0m
[0mPOST /auth/login [32m200[0m 218.572 ms - 511[0m
[0mPOST /auth/register [32m201[0m 304.664 ms - 312[0m
[0mPATCH /auth/aprobar/6923bcd6ed7bd00122745b34 [32m200[0m 212.521 ms - 301[0m
[0mPOST /auth/login [32m200[0m 283.011 ms - 513[0m
[0mPOST /auth/register [32m201[0m 336.292 ms - 328[0m
[0mPOST /auth/login [32m200[0m 444.139 ms - 534[0m
[0mPATCH /auth/aprobar/6923bcd7ed7bd00122745b3b [32m200[0m 227.112 ms - 317[0m
 [32mÔ£ô[39m tests/user.test.mjs [2m([22m[2m5 tests[22m[2m)[22m[33m 22232[2mms[22m[39m
   [33m[2mÔ£ô[22m[39m Users[2m > [22mSuperadmin puede listar usuarios y los datos sensibles no se exponen [33m 4508[2mms[22m[39m
   [33m[2mÔ£ô[22m[39m Users[2m > [22mProfesor puede filtrar usuarios por rol [33m 3820[2mms[22m[39m
   [33m[2mÔ£ô[22m[39m Users[2m > [22mSuperadmin puede filtrar usuarios por m├│dulo [33m 3701[2mms[22m[39m
   [33m[2mÔ£ô[22m[39m Users[2m > [22mAlumno recibe 403 al listar usuarios [33m 3704[2mms[22m[39m
   [33m[2mÔ£ô[22m[39m Users[2m > [22mSuperadmin aprueba un usuario pendiente [33m 4792[2mms[22m[39m
[90mstdout[2m | tests/seed-data-filtering.test.mjs
[22m[39m[dotenv@17.2.2] injecting env (3) from .env -- tip: ­ƒôí observe env with Radar: https://dotenvx.com/radar

[90mstdout[2m | tests/seed-data-filtering.test.mjs
[22m[39m[dotenv@17.2.2] injecting env (0) from .env -- tip: ÔÜÖ´©Å  suppress all logs with { quiet: true }

[90mstdout[2m | tests/seed-data-filtering.test.mjs
[22m[39m[dotenv@17.2.2] injecting env (0) from .env -- tip: ÔÜÖ´©Å  suppress all logs with { quiet: true }

[90mstdout[2m | tests/seed-data-filtering.test.mjs
[22m[39mConectado a MongoDB

[dotenv@17.2.2] injecting env (0) from .env -- tip: ­ƒôí auto-backup env with Radar: https://dotenvx.com/radar
Ô£à Conectado a MongoDB


­ƒôÜ Procesando m├│dulo: HTML-CSS (code: 1)
  ­ƒæ¿ÔÇì­ƒÅ½ Profesor: laura.silva.htmlcss@gmail.com
  Ô£à Creadas 4 asignaciones

­ƒôÜ Procesando m├│dulo: JAVASCRIPT (code: 2)
  ­ƒæ¿ÔÇì­ƒÅ½ Profesor: gabriel.martinez.javascript@gmail.com
  Ô£à Creadas 4 asignaciones

­ƒôÜ Procesando m├│dulo: BACKEND - NODE JS (code: 3)
  ­ƒæ¿ÔÇì­ƒÅ½ Profesor: paula.costa.node@gmail.com
  Ô£à Creadas 4 asignaciones

­ƒôÜ Procesando m├│dulo: FRONTEND - REACT (code: 4)
  ­ƒæ¿ÔÇì­ƒÅ½ Profesor: profesor.general@gmail.com
  Ô£à Creadas 4 asignaciones

­ƒôè Total asignaciones creadas: 16


­ƒôØ Creando entregas para m├│dulo: HTML-CSS
  ­ƒæ¿ÔÇì­ƒÄô Alumnos encontrados: 51
  Ô£à Preparadas 204 entregas

­ƒôØ Creando entregas para m├│dulo: JAVASCRIPT
  ­ƒæ¿ÔÇì­ƒÄô Alumnos encontrados: 48
  Ô£à Preparadas 192 entregas

­ƒôØ Creando entregas para m├│dulo: BACKEND - NODE JS
  ­ƒæ¿ÔÇì­ƒÄô Alumnos encontrados: 21
  Ô£à Preparadas 84 entregas

­ƒôØ Creando entregas para m├│dulo: FRONTEND - REACT
  ­ƒæ¿ÔÇì­ƒÄô Alumnos encontrados: 21
  Ô£à Preparadas 84 entregas

­ƒÆ¥ Insertando 564 entregas...
Ô£à Insertadas 564 entregas


Ô£à COMPLETADO:
   Asignaciones creadas: 16
   Entregas generadas: 564

[90mstdout[2m | tests/seed-data-filtering.test.mjs[2m > [22m[2mSeed Data Filtering - Professors
[22m[39m
­ƒôª Generando asignaciones y entregas para todos los m├│dulos...
Ô£à Asignaciones generadas exitosamente


[0mPOST /auth/login [32m200[0m 520.803 ms - 508[0m
[0mPOST /auth/login [32m200[0m 221.869 ms - 500[0m
[0mPOST /auth/login [32m200[0m 210.834 ms - 515[0m
[0mPOST /auth/login [32m200[0m 194.227 ms - 506[0m
[0mPOST /auth/login [32m200[0m 207.222 ms - 512[0m
[0mPOST /auth/login [32m200[0m 205.371 ms - 502[0m
[0mPOST /auth/login [32m200[0m 205.474 ms - 505[0m
[0mPOST /auth/login [32m200[0m 197.749 ms - 510[0m
[0mPOST /auth/login [32m200[0m 208.937 ms - 508[0m
[0mGET /assignments [32m200[0m 158.031 ms - 8486[0m
[0mGET /assignments [32m200[0m 144.100 ms - 1856[0m
[0mGET /assignments [32m200[0m 136.187 ms - 1601[0m
[0mGET /assignments [32m200[0m 131.392 ms - 1589[0m
[0mGET /slots [32m200[0m 260.690 ms - 7944[0m
[0mGET /slots [32m200[0m 128.927 ms - 2[0m
[0mGET /usuarios?role=alumno [32m200[0m 232.153 ms - 13206[0m
[0mGET /usuarios?role=alumno [32m200[0m 147.387 ms - 12521[0m
[0mGET /submissions [32m200[0m 132.589 ms - 2[0m
[0mGET /assignments [32m200[0m 154.278 ms - 13529[0m
[0mGET /usuarios?role=alumno [32m200[0m 332.440 ms - 36644[0m
[0mPOST /auth/login [32m200[0m 208.962 ms - 504[0m
[0mGET /assignments [32m200[0m 130.546 ms - 8486[0m
[0mGET /assignments [32m200[0m 130.612 ms - 1856[0m
[0mGET /slots [32m200[0m 207.311 ms - 3527[0m
[0mGET /slots [32m200[0m 128.878 ms - 2[0m
[0mGET /submissions/6923bc38f60c3cee0ea8306a [32m200[0m 132.298 ms - 1734[0m
[90mstderr[2m | tests/seed-data-filtering.test.mjs[2m > [22m[2mSeed Data Filtering - Students[2m > [22m[2mAlumno recibe 403 al intentar ver entregas de otro alumno
[22m[39mError: No autorizado a ver las entregas de otros alumnos

[0mGET /submissions/6923bc38f60c3cee0ea8306b [33m403[0m 69.062 ms - 63[0m
[90mstderr[2m | tests/seed-data-filtering.test.mjs[2m > [22m[2mSeed Data Filtering - Students[2m > [22m[2mAlumno recibe 403 al listar usuarios
[22m[39mError: Acceso denegado

[0mGET /usuarios [33m403[0m 67.172 ms - 29[0m
[0mGET /assignments [32m200[0m 132.506 ms - 13529[0m
[0mGET /slots [32m200[0m 205.564 ms - 7944[0m
[0mGET /submissions [32m200[0m 646.748 ms - 282623[0m
[0mGET /usuarios?role=alumno [32m200[0m 151.634 ms - 13206[0m
[0mGET /assignments [32m200[0m 135.822 ms - 8486[0m
[0mGET /assignments/6923bc5fd742e88f4c869957 [32m200[0m 136.457 ms - 352[0m
[0mGET /assignments [32m200[0m 122.523 ms - 1856[0m
[90mstderr[2m | tests/seed-data-filtering.test.mjs[2m > [22m[2mSeed Data Completeness Verification[2m > [22m[2mProfesor NO puede acceder a asignaci├│n de otro m├│dulo
[22m[39mError: No autorizado para ver asignaciones de otros m├│dulos

[0mGET /assignments/6923bc74d742e88f4c869a24 [33m403[0m 137.747 ms - 67[0m
 [31mÔØ»[39m tests/seed-data-filtering.test.mjs [2m([22m[2m24 tests[22m[2m | [22m[31m1 failed[39m[2m)[22m[33m 14409[2mms[22m[39m
   [32mÔ£ô[39m Seed Data Filtering - Professors[2m > [22mProfesor HTML-CSS solo ve asignaciones de m├│dulo 1 (HTML-CSS)[32m 188[2mms[22m[39m
   [32mÔ£ô[39m Seed Data Filtering - Professors[2m > [22mProfesor JAVASCRIPT solo ve asignaciones de m├│dulo 2 (JAVASCRIPT)[32m 153[2mms[22m[39m
   [32mÔ£ô[39m Seed Data Filtering - Professors[2m > [22mProfesor BACKEND-NODE JS solo ve asignaciones de m├│dulo 3[32m 147[2mms[22m[39m
   [32mÔ£ô[39m Seed Data Filtering - Professors[2m > [22mProfesor REACT solo ve asignaciones de m├│dulo 4[32m 143[2mms[22m[39m
   [32mÔ£ô[39m Seed Data Filtering - Professors[2m > [22mProfesor HTML-CSS solo ve turnos de su m├│dulo (moduleNumber=1)[32m 275[2mms[22m[39m
   [32mÔ£ô[39m Seed Data Filtering - Professors[2m > [22mProfesor JAVASCRIPT solo ve turnos de su m├│dulo (moduleNumber=2)[32m 138[2mms[22m[39m
   [32mÔ£ô[39m Seed Data Filtering - Professors[2m > [22mProfesor HTML-CSS solo ve alumnos de su m├│dulo[32m 255[2mms[22m[39m
   [32mÔ£ô[39m Seed Data Filtering - Professors[2m > [22mProfesor JAVASCRIPT solo ve alumnos de su m├│dulo[32m 168[2mms[22m[39m
   [32mÔ£ô[39m Seed Data Filtering - Professors[2m > [22mProfesor HTML-CSS solo ve entregas de alumnos de su m├│dulo[32m 143[2mms[22m[39m
   [32mÔ£ô[39m Seed Data Filtering - Professors[2m > [22mSuperadmin ve asignaciones de TODOS los m├│dulos[32m 170[2mms[22m[39m
   [33m[2mÔ£ô[22m[39m Seed Data Filtering - Professors[2m > [22mSuperadmin ve alumnos de TODOS los m├│dulos [33m 376[2mms[22m[39m
   [32mÔ£ô[39m Seed Data Filtering - Students[2m > [22mAlumno HTML-CSS solo ve asignaciones de su m├│dulo (moduleNumber=1)[32m 143[2mms[22m[39m
   [32mÔ£ô[39m Seed Data Filtering - Students[2m > [22mAlumno JAVASCRIPT solo ve asignaciones de su m├│dulo (moduleNumber=2)[32m 140[2mms[22m[39m
   [32mÔ£ô[39m Seed Data Filtering - Students[2m > [22mAlumno HTML-CSS solo ve turnos de su m├│dulo[32m 217[2mms[22m[39m
   [32mÔ£ô[39m Seed Data Filtering - Students[2m > [22mAlumno JAVASCRIPT solo ve turnos de su m├│dulo[32m 142[2mms[22m[39m
   [32mÔ£ô[39m Seed Data Filtering - Students[2m > [22mAlumno solo ve sus propias entregas, no las de otros alumnos del mismo m├│dulo[32m 144[2mms[22m[39m
   [32mÔ£ô[39m Seed Data Filtering - Students[2m > [22mAlumno recibe 403 al intentar ver entregas de otro alumno[32m 79[2mms[22m[39m
   [32mÔ£ô[39m Seed Data Filtering - Students[2m > [22mAlumno recibe 403 al listar usuarios[32m 75[2mms[22m[39m
   [32mÔ£ô[39m Seed Data Completeness Verification[2m > [22mSeed completo gener├│ asignaciones para todos los m├│dulos[32m 144[2mms[22m[39m
[31m   [31m├ù[31m Seed Data Completeness Verification[2m > [22mSeed completo gener├│ turnos de revisi├│n[39m[32m 231[2mms[22m[39m
[31m     ÔåÆ expected 1 to be greater than 1[39m
   [33m[2mÔ£ô[22m[39m Seed Data Completeness Verification[2m > [22mSeed completo gener├│ entregas con estados variados [33m 665[2mms[22m[39m
   [32mÔ£ô[39m Seed Data Completeness Verification[2m > [22mProfesor ve cantidad correcta de alumnos de su m├│dulo[32m 166[2mms[22m[39m
   [32mÔ£ô[39m Seed Data Completeness Verification[2m > [22mProfesor puede acceder a detalles de asignaci├│n de su m├│dulo[32m 294[2mms[22m[39m
   [32mÔ£ô[39m Seed Data Completeness Verification[2m > [22mProfesor NO puede acceder a asignaci├│n de otro m├│dulo[32m 282[2mms[22m[39m
[90mstdout[2m | tests/cohort-isolation.test.mjs
[22m[39m[dotenv@17.2.2] injecting env (3) from .env -- tip: ­ƒöÉ encrypt with Dotenvx: https://dotenvx.com

[90mstdout[2m | tests/cohort-isolation.test.mjs
[22m[39m[dotenv@17.2.2] injecting env (0) from .env -- tip: ­ƒôí auto-backup env with Radar: https://dotenvx.com/radar

[90mstdout[2m | tests/cohort-isolation.test.mjs
[22m[39m[dotenv@17.2.2] injecting env (0) from .env -- tip: ÔÜÖ´©Å  write to custom object with { processEnv: myObject }

[90mstdout[2m | tests/cohort-isolation.test.mjs
[22m[39mConectado a MongoDB

[90mstderr[2m | tests/cohort-isolation.test.mjs[2m > [22m[2mCohort Isolation
[22m[39m[Seed] Usuarios base ya existentes, se omite insercion duplicada.

[0mPOST /auth/login [32m200[0m 288.924 ms - 486[0m
[0mPOST /auth/register [32m201[0m 403.239 ms - 313[0m
[0mPATCH /auth/aprobar/6923bcf0a4f693cfa676d54b [32m200[0m 247.149 ms - 302[0m
[0mPOST /auth/login [32m200[0m 213.531 ms - 517[0m
[0mPOST /auth/register [32m201[0m 268.561 ms - 315[0m
[0mPATCH /auth/aprobar/6923bcf0a4f693cfa676d552 [32m200[0m 206.821 ms - 304[0m
[0mPOST /auth/login [32m200[0m 235.977 ms - 519[0m
[0mPOST /auth/register [32m201[0m 265.607 ms - 309[0m
[0mPATCH /auth/aprobar/6923bcf1a4f693cfa676d559 [32m200[0m 210.599 ms - 298[0m
[0mPOST /auth/login [32m200[0m 192.760 ms - 510[0m
[0mPOST /auth/register [32m201[0m 317.252 ms - 311[0m
[0mPATCH /auth/aprobar/6923bcf2a4f693cfa676d560 [32m200[0m 207.563 ms - 300[0m
[0mPOST /auth/login [32m200[0m 223.064 ms - 512[0m
[0mPOST /assignments [32m201[0m 149.880 ms - 351[0m
[0mPOST /assignments [32m201[0m 140.861 ms - 353[0m
[0mPOST /slots [32m201[0m 309.330 ms - 586[0m
[0mPOST /slots [32m201[0m 272.202 ms - 586[0m
[0mPATCH /slots/6923bcf3a4f693cfa676d572/solicitar [32m200[0m 282.191 ms - 629[0m
[0mPOST /slots [32m201[0m 277.183 ms - 588[0m
[0mPOST /slots [32m201[0m 280.921 ms - 588[0m
[0mPATCH /slots/6923bcf4a4f693cfa676d580/solicitar [32m200[0m 282.382 ms - 631[0m
[0mGET /slots [32m200[0m 256.363 ms - 9161[0m
[0mGET /assignments [32m200[0m 138.154 ms - 8838[0m
[0mGET /usuarios [32m200[0m 218.798 ms - 12784[0m
[0mGET /submissions [32m200[0m 131.157 ms - 2[0m
[0mGET /slots [32m200[0m 206.334 ms - 1222[0m
[0mGET /slots [32m200[0m 212.398 ms - 10382[0m
[0mGET /submissions [32m200[0m 120.495 ms - 2[0m
[0mPOST /slots [32m201[0m 205.446 ms - 494[0m
[0mPOST /assignments [32m201[0m 137.583 ms - 326[0m
[90mstderr[2m | tests/cohort-isolation.test.mjs[2m > [22m[2mCohort Isolation[2m > [22m[2mC3 Alumno_M1 POST /slots no autorizado
[22m[39mError: Acceso denegado

[0mPOST /slots [33m403[0m 76.890 ms - 29[0m
 [32mÔ£ô[39m tests/cohort-isolation.test.mjs [2m([22m[2m10 tests[22m[2m)[22m[33m 9608[2mms[22m[39m
[90mstdout[2m | tests/slot-dto-consistency.test.mjs
[22m[39m[dotenv@17.2.2] injecting env (3) from .env -- tip: ÔÜÖ´©Å  enable debug logging with { debug: true }

[90mstdout[2m | tests/slot-dto-consistency.test.mjs
[22m[39m[dotenv@17.2.2] injecting env (0) from .env -- tip: ÔÜÖ´©Å  load multiple .env files with { path: ['.env.local', '.env'] }

[90mstdout[2m | tests/slot-dto-consistency.test.mjs
[22m[39m[dotenv@17.2.2] injecting env (0) from .env -- tip: ­ƒôí observe env with Radar: https://dotenvx.com/radar

[90mstdout[2m | tests/slot-dto-consistency.test.mjs
[22m[39mConectado a MongoDB

[90mstderr[2m | tests/slot-dto-consistency.test.mjs[2m > [22m[2mSlot DTO Consistency[2m > [22m[2mCreate ÔåÆ Patch estado ÔåÆ List ÔåÆ Individual comparten shape
[22m[39m[Seed] Usuarios base ya existentes, se omite insercion duplicada.

[0mPOST /auth/login [32m200[0m 283.839 ms - 486[0m
[0mPOST /auth/register [32m201[0m 296.747 ms - 313[0m
[0mPATCH /auth/aprobar/6923bcfd2963a16b6cdc6de0 [32m200[0m 226.888 ms - 302[0m
[0mPOST /auth/login [32m200[0m 355.364 ms - 517[0m
[0mPOST /auth/register [32m201[0m 316.189 ms - 315[0m
[0mPATCH /auth/aprobar/6923bcfe2963a16b6cdc6de7 [32m200[0m 216.067 ms - 304[0m
[0mPOST /auth/login [32m200[0m 189.050 ms - 519[0m
[0mPOST /auth/register [32m201[0m 268.075 ms - 309[0m
[0mPATCH /auth/aprobar/6923bcff2963a16b6cdc6dee [32m200[0m 204.916 ms - 298[0m
[0mPOST /auth/login [32m200[0m 192.676 ms - 510[0m
[0mPOST /auth/register [32m201[0m 260.981 ms - 311[0m
[0mPATCH /auth/aprobar/6923bcff2963a16b6cdc6df5 [32m200[0m 188.435 ms - 300[0m
[0mPOST /auth/login [32m200[0m 191.890 ms - 512[0m
[0mPOST /assignments [32m201[0m 137.995 ms - 351[0m
[0mPOST /slots [32m201[0m 292.179 ms - 586[0m
[0mPATCH /slots/6923bd002963a16b6cdc6dff/estado [32m200[0m 287.969 ms - 585[0m
[0mPATCH /slots/6923bd002963a16b6cdc6dff/solicitar [32m200[0m 269.259 ms - 628[0m
[0mGET /slots [32m200[0m 251.846 ms - 10285[0m
[0mGET /slots/6923bd002963a16b6cdc6dff [32m200[0m 216.688 ms - 628[0m
 [32mÔ£ô[39m tests/slot-dto-consistency.test.mjs [2m([22m[2m1 test[22m[2m)[22m[33m 7650[2mms[22m[39m
   [33m[2mÔ£ô[22m[39m Slot DTO Consistency[2m > [22mCreate ÔåÆ Patch estado ÔåÆ List ÔåÆ Individual comparten shape [33m 6121[2mms[22m[39m

[31mÔÄ»ÔÄ»ÔÄ»ÔÄ»ÔÄ»ÔÄ»ÔÄ»[39m[1m[41m Failed Tests 1 [49m[22m[31mÔÄ»ÔÄ»ÔÄ»ÔÄ»ÔÄ»ÔÄ»ÔÄ»[39m

[41m[1m FAIL [22m[49m tests/seed-data-filtering.test.mjs[2m > [22mSeed Data Completeness Verification[2m > [22mSeed completo gener├│ turnos de revisi├│n
[31m[1mAssertionError[22m: expected 1 to be greater than 1[39m
[36m [2mÔØ»[22m tests/seed-data-filtering.test.mjs:[2m576:26[22m[39m
    [90m574| [39m    [90m// Verificar que hay turnos para m├║ltiples m├│dulos[39m
    [90m575| [39m    [35mconst[39m modules [33m=[39m [35mnew[39m [33mSet[39m(res[33m.[39mbody[33m.[39m[34mmap[39m((s) [33m=>[39m s[33m.[39mcohort))[33m;[39m
    [90m576| [39m    [34mexpect[39m(modules[33m.[39msize)[33m.[39m[34mtoBeGreaterThan[39m([34m1[39m)[33m;[39m
    [90m   | [39m                         [31m^[39m
    [90m577| [39m  })[33m;[39m
    [90m578| [39m

[31m[2mÔÄ»ÔÄ»ÔÄ»ÔÄ»ÔÄ»ÔÄ»ÔÄ»ÔÄ»ÔÄ»ÔÄ»ÔÄ»ÔÄ»ÔÄ»ÔÄ»ÔÄ»ÔÄ»ÔÄ»ÔÄ»ÔÄ»ÔÄ»ÔÄ»ÔÄ»ÔÄ»ÔÄ»[1/1]ÔÄ»[22m[39m


[2m Test Files [22m [1m[31m1 failed[39m[22m[2m | [22m[1m[32m8 passed[39m[22m[90m (9)[39m
[2m      Tests [22m [1m[31m1 failed[39m[22m[2m | [22m[1m[32m95 passed[39m[22m[90m (96)[39m
[2m   Start at [22m 22:58:10
[2m   Duration [22m 335.61s[2m (transform 887ms, setup 18.17s, collect 2.42s, tests 306.31s, environment 7ms, prepare 3.99s)[22m



Ô£à Reportes generados exitosamente:
   ­ƒôä REPORTE_GLOBAL.md: Estado actual (95/96 tests)
   ­ƒôÜ REPORTE_DIARIO.md: Historial del d├¡a 23/11/2025
   ­ƒôª historial/: Reportes de d├¡as anteriores
